Component: ARM Compiler 5.06 update 5 (build 528) Tool: armlink [4d35e2]

==============================================================================

Section Cross References

    startup_stm32f40_41xxx.o(RESET) refers to startup_stm32f40_41xxx.o(STACK) for __initial_sp
    startup_stm32f40_41xxx.o(RESET) refers to startup_stm32f40_41xxx.o(.text) for Reset_Handler
    startup_stm32f40_41xxx.o(RESET) refers to stm32f4xx_it.o(i.NMI_Handler) for NMI_Handler
    startup_stm32f40_41xxx.o(RESET) refers to stm32f4xx_it.o(i.HardFault_Handler) for HardFault_Handler
    startup_stm32f40_41xxx.o(RESET) refers to stm32f4xx_it.o(i.MemManage_Handler) for MemManage_Handler
    startup_stm32f40_41xxx.o(RESET) refers to stm32f4xx_it.o(i.BusFault_Handler) for BusFault_Handler
    startup_stm32f40_41xxx.o(RESET) refers to stm32f4xx_it.o(i.UsageFault_Handler) for UsageFault_Handler
    startup_stm32f40_41xxx.o(RESET) refers to stm32f4xx_it.o(i.SVC_Handler) for SVC_Handler
    startup_stm32f40_41xxx.o(RESET) refers to stm32f4xx_it.o(i.DebugMon_Handler) for DebugMon_Handler
    startup_stm32f40_41xxx.o(RESET) refers to stm32f4xx_it.o(i.PendSV_Handler) for PendSV_Handler
    startup_stm32f40_41xxx.o(RESET) refers to stm32f4xx_it.o(i.SysTick_Handler) for SysTick_Handler
    startup_stm32f40_41xxx.o(RESET) refers to tim2.o(i.TIM2_IRQHandler) for TIM2_IRQHandler
    startup_stm32f40_41xxx.o(RESET) refers to tim3.o(i.TIM3_IRQHandler) for TIM3_IRQHandler
    startup_stm32f40_41xxx.o(RESET) refers to tim4.o(i.TIM4_IRQHandler) for TIM4_IRQHandler
    startup_stm32f40_41xxx.o(RESET) refers to usart1.o(i.USART1_IRQHandler) for USART1_IRQHandler
    startup_stm32f40_41xxx.o(RESET) refers to tim8.o(i.TIM8_UP_TIM13_IRQHandler) for TIM8_UP_TIM13_IRQHandler
    startup_stm32f40_41xxx.o(RESET) refers to tim5.o(i.TIM5_IRQHandler) for TIM5_IRQHandler
    startup_stm32f40_41xxx.o(.text) refers to system_stm32f4xx.o(i.SystemInit) for SystemInit
    startup_stm32f40_41xxx.o(.text) refers to entry.o(.ARM.Collect$$$$00000000) for __main
    system_stm32f4xx.o(i.SystemCoreClockUpdate) refers to system_stm32f4xx.o(.data) for SystemCoreClock
    system_stm32f4xx.o(i.SystemInit) refers to system_stm32f4xx.o(i.SetSysClock) for SetSysClock
    stm32f4xx_adc.o(i.ADC_DeInit) refers to stm32f4xx_rcc.o(i.RCC_APB2PeriphResetCmd) for RCC_APB2PeriphResetCmd
    stm32f4xx_can.o(i.CAN_DeInit) refers to stm32f4xx_rcc.o(i.RCC_APB1PeriphResetCmd) for RCC_APB1PeriphResetCmd
    stm32f4xx_can.o(i.CAN_GetITStatus) refers to stm32f4xx_can.o(i.CheckITStatus) for CheckITStatus
    stm32f4xx_cryp.o(i.CRYP_DeInit) refers to stm32f4xx_rcc.o(i.RCC_AHB2PeriphResetCmd) for RCC_AHB2PeriphResetCmd
    stm32f4xx_cryp_aes.o(i.CRYP_AES_CBC) refers to stm32f4xx_cryp.o(i.CRYP_KeyStructInit) for CRYP_KeyStructInit
    stm32f4xx_cryp_aes.o(i.CRYP_AES_CBC) refers to stm32f4xx_cryp.o(i.CRYP_FIFOFlush) for CRYP_FIFOFlush
    stm32f4xx_cryp_aes.o(i.CRYP_AES_CBC) refers to stm32f4xx_cryp.o(i.CRYP_Init) for CRYP_Init
    stm32f4xx_cryp_aes.o(i.CRYP_AES_CBC) refers to stm32f4xx_cryp.o(i.CRYP_KeyInit) for CRYP_KeyInit
    stm32f4xx_cryp_aes.o(i.CRYP_AES_CBC) refers to stm32f4xx_cryp.o(i.CRYP_Cmd) for CRYP_Cmd
    stm32f4xx_cryp_aes.o(i.CRYP_AES_CBC) refers to stm32f4xx_cryp.o(i.CRYP_GetFlagStatus) for CRYP_GetFlagStatus
    stm32f4xx_cryp_aes.o(i.CRYP_AES_CBC) refers to stm32f4xx_cryp.o(i.CRYP_IVInit) for CRYP_IVInit
    stm32f4xx_cryp_aes.o(i.CRYP_AES_CBC) refers to stm32f4xx_cryp.o(i.CRYP_GetCmdStatus) for CRYP_GetCmdStatus
    stm32f4xx_cryp_aes.o(i.CRYP_AES_CBC) refers to stm32f4xx_cryp.o(i.CRYP_DataIn) for CRYP_DataIn
    stm32f4xx_cryp_aes.o(i.CRYP_AES_CBC) refers to stm32f4xx_cryp.o(i.CRYP_DataOut) for CRYP_DataOut
    stm32f4xx_cryp_aes.o(i.CRYP_AES_CCM) refers to stm32f4xx_cryp.o(i.CRYP_KeyStructInit) for CRYP_KeyStructInit
    stm32f4xx_cryp_aes.o(i.CRYP_AES_CCM) refers to stm32f4xx_cryp.o(i.CRYP_FIFOFlush) for CRYP_FIFOFlush
    stm32f4xx_cryp_aes.o(i.CRYP_AES_CCM) refers to stm32f4xx_cryp.o(i.CRYP_KeyInit) for CRYP_KeyInit
    stm32f4xx_cryp_aes.o(i.CRYP_AES_CCM) refers to stm32f4xx_cryp.o(i.CRYP_IVInit) for CRYP_IVInit
    stm32f4xx_cryp_aes.o(i.CRYP_AES_CCM) refers to stm32f4xx_cryp.o(i.CRYP_Init) for CRYP_Init
    stm32f4xx_cryp_aes.o(i.CRYP_AES_CCM) refers to stm32f4xx_cryp.o(i.CRYP_PhaseConfig) for CRYP_PhaseConfig
    stm32f4xx_cryp_aes.o(i.CRYP_AES_CCM) refers to stm32f4xx_cryp.o(i.CRYP_DataIn) for CRYP_DataIn
    stm32f4xx_cryp_aes.o(i.CRYP_AES_CCM) refers to stm32f4xx_cryp.o(i.CRYP_Cmd) for CRYP_Cmd
    stm32f4xx_cryp_aes.o(i.CRYP_AES_CCM) refers to stm32f4xx_cryp.o(i.CRYP_GetCmdStatus) for CRYP_GetCmdStatus
    stm32f4xx_cryp_aes.o(i.CRYP_AES_CCM) refers to stm32f4xx_cryp.o(i.CRYP_GetFlagStatus) for CRYP_GetFlagStatus
    stm32f4xx_cryp_aes.o(i.CRYP_AES_CCM) refers to stm32f4xx_cryp.o(i.CRYP_DataOut) for CRYP_DataOut
    stm32f4xx_cryp_aes.o(i.CRYP_AES_CTR) refers to stm32f4xx_cryp.o(i.CRYP_KeyStructInit) for CRYP_KeyStructInit
[...]
    Removing stm32f4xx_tim.o(i.TIM_CounterModeConfig), (18 bytes).
    Removing stm32f4xx_tim.o(i.TIM_DMACmd), (18 bytes).
    Removing stm32f4xx_tim.o(i.TIM_DMAConfig), (10 bytes).
    Removing stm32f4xx_tim.o(i.TIM_DeInit), (400 bytes).
    Removing stm32f4xx_tim.o(i.TIM_ETRClockMode1Config), (54 bytes).
    Removing stm32f4xx_tim.o(i.TIM_ETRClockMode2Config), (32 bytes).
    Removing stm32f4xx_tim.o(i.TIM_ETRConfig), (28 bytes).
    Removing stm32f4xx_tim.o(i.TIM_EncoderInterfaceConfig), (66 bytes).
    Removing stm32f4xx_tim.o(i.TIM_ForcedOC1Config), (18 bytes).
    Removing stm32f4xx_tim.o(i.TIM_ForcedOC2Config), (26 bytes).
    Removing stm32f4xx_tim.o(i.TIM_ForcedOC3Config), (18 bytes).
    Removing stm32f4xx_tim.o(i.TIM_ForcedOC4Config), (26 bytes).
    Removing stm32f4xx_tim.o(i.TIM_GenerateEvent), (4 bytes).
    Removing stm32f4xx_tim.o(i.TIM_GetCapture1), (6 bytes).
    Removing stm32f4xx_tim.o(i.TIM_GetCapture3), (6 bytes).
    Removing stm32f4xx_tim.o(i.TIM_GetCounter), (6 bytes).
    Removing stm32f4xx_tim.o(i.TIM_GetITStatus), (34 bytes).
    Removing stm32f4xx_tim.o(i.TIM_GetPrescaler), (6 bytes).
    Removing stm32f4xx_tim.o(i.TIM_ICStructInit), (18 bytes).
    Removing stm32f4xx_tim.o(i.TIM_ITRxExternalClockConfig), (24 bytes).
    Removing stm32f4xx_tim.o(i.TIM_OC1FastConfig), (18 bytes).
    Removing stm32f4xx_tim.o(i.TIM_OC1NPolarityConfig), (18 bytes).
    Removing stm32f4xx_tim.o(i.TIM_OC1PolarityConfig), (18 bytes).
    Removing stm32f4xx_tim.o(i.TIM_OC2FastConfig), (26 bytes).
    Removing stm32f4xx_tim.o(i.TIM_OC2NPolarityConfig), (26 bytes).
    Removing stm32f4xx_tim.o(i.TIM_OC2PolarityConfig), (26 bytes).
    Removing stm32f4xx_tim.o(i.TIM_OC3FastConfig), (18 bytes).
    Removing stm32f4xx_tim.o(i.TIM_OC3NPolarityConfig), (26 bytes).
    Removing stm32f4xx_tim.o(i.TIM_OC3PolarityConfig), (26 bytes).
    Removing stm32f4xx_tim.o(i.TIM_OC4FastConfig), (26 bytes).
    Removing stm32f4xx_tim.o(i.TIM_OC4PolarityConfig), (26 bytes).
    Removing stm32f4xx_tim.o(i.TIM_OCStructInit), (20 bytes).
    Removing stm32f4xx_tim.o(i.TIM_PrescalerConfig), (6 bytes).
    Removing stm32f4xx_tim.o(i.TIM_RemapConfig), (6 bytes).
    Removing stm32f4xx_tim.o(i.TIM_SelectCCDMA), (24 bytes).
    Removing stm32f4xx_tim.o(i.TIM_SelectCOM), (24 bytes).
    Removing stm32f4xx_tim.o(i.TIM_SelectHallSensor), (24 bytes).
    Removing stm32f4xx_tim.o(i.TIM_SelectMasterSlaveMode), (18 bytes).
    Removing stm32f4xx_tim.o(i.TIM_SelectOCxM), (86 bytes).
    Removing stm32f4xx_tim.o(i.TIM_SelectOnePulseMode), (18 bytes).
    Removing stm32f4xx_tim.o(i.TIM_SelectOutputTrigger), (18 bytes).
    Removing stm32f4xx_tim.o(i.TIM_SetAutoreload), (4 bytes).
    Removing stm32f4xx_tim.o(i.TIM_SetClockDivision), (18 bytes).
    Removing stm32f4xx_tim.o(i.TIM_TIxExternalClockConfig), (62 bytes).
    Removing stm32f4xx_tim.o(i.TIM_TimeBaseStructInit), (18 bytes).
    Removing stm32f4xx_tim.o(i.TIM_UpdateDisableConfig), (24 bytes).
    Removing stm32f4xx_tim.o(i.TIM_UpdateRequestConfig), (24 bytes).
    Removing stm32f4xx_usart.o(.rev16_text), (4 bytes).
    Removing stm32f4xx_usart.o(.revsh_text), (4 bytes).
    Removing stm32f4xx_usart.o(i.USART_ClockInit), (32 bytes).
    Removing stm32f4xx_usart.o(i.USART_ClockStructInit), (12 bytes).
    Removing stm32f4xx_usart.o(i.USART_DMACmd), (18 bytes).
    Removing stm32f4xx_usart.o(i.USART_DeInit), (240 bytes).
    Removing stm32f4xx_usart.o(i.USART_GetITStatus), (84 bytes).
    Removing stm32f4xx_usart.o(i.USART_HalfDuplexCmd), (24 bytes).
    Removing stm32f4xx_usart.o(i.USART_IrDACmd), (24 bytes).
    Removing stm32f4xx_usart.o(i.USART_IrDAConfig), (18 bytes).
    Removing stm32f4xx_usart.o(i.USART_LINBreakDetectLengthConfig), (18 bytes).
    Removing stm32f4xx_usart.o(i.USART_LINCmd), (24 bytes).
    Removing stm32f4xx_usart.o(i.USART_OneBitMethodCmd), (24 bytes).
    Removing stm32f4xx_usart.o(i.USART_OverSampling8Cmd), (22 bytes).
    Removing stm32f4xx_usart.o(i.USART_ReceiverWakeUpCmd), (24 bytes).
    Removing stm32f4xx_usart.o(i.USART_SendBreak), (10 bytes).
    Removing stm32f4xx_usart.o(i.USART_SetAddress), (18 bytes).
    Removing stm32f4xx_usart.o(i.USART_SetGuardTime), (16 bytes).
    Removing stm32f4xx_usart.o(i.USART_SetPrescaler), (16 bytes).
    Removing stm32f4xx_usart.o(i.USART_SmartCardCmd), (24 bytes).
    Removing stm32f4xx_usart.o(i.USART_SmartCardNACKCmd), (24 bytes).
    Removing stm32f4xx_usart.o(i.USART_StructInit), (24 bytes).
    Removing stm32f4xx_usart.o(i.USART_WakeUpConfig), (18 bytes).
    Removing stm32f4xx_wwdg.o(.rev16_text), (4 bytes).
    Removing stm32f4xx_wwdg.o(.revsh_text), (4 bytes).
    Removing stm32f4xx_wwdg.o(i.WWDG_ClearFlag), (12 bytes).
    Removing stm32f4xx_wwdg.o(i.WWDG_DeInit), (22 bytes).
    Removing stm32f4xx_wwdg.o(i.WWDG_Enable), (16 bytes).
    Removing stm32f4xx_wwdg.o(i.WWDG_EnableIT), (12 bytes).
    Removing stm32f4xx_wwdg.o(i.WWDG_GetFlagStatus), (20 bytes).
    Removing stm32f4xx_wwdg.o(i.WWDG_SetCounter), (16 bytes).
    Removing stm32f4xx_wwdg.o(i.WWDG_SetPrescaler), (24 bytes).
    Removing stm32f4xx_wwdg.o(i.WWDG_SetWindowValue), (40 bytes).
    Removing delay.o(.rev16_text), (4 bytes).
    Removing delay.o(.revsh_text), (4 bytes).
    Removing delay.o(i.Delay_ms), (24 bytes).
    Removing delay.o(i.Delay_s), (24 bytes).
    Removing delay.o(i.Delay_us), (44 bytes).
    Removing tim2.o(.rev16_text), (4 bytes).
    Removing tim2.o(.revsh_text), (4 bytes).
    Removing usart1.o(.rev16_text), (4 bytes).
    Removing usart1.o(.revsh_text), (4 bytes).
    Removing usart1.o(i.USART1_ReturnData), (12 bytes).
    Removing usart1.o(i.Usart_SendString), (56 bytes).
    Removing usart1.o(i.fgetc), (32 bytes).
    Removing tim3.o(.rev16_text), (4 bytes).
    Removing tim3.o(.revsh_text), (4 bytes).
    Removing tim5.o(.rev16_text), (4 bytes).
    Removing tim5.o(.revsh_text), (4 bytes).
    Removing tim4.o(.rev16_text), (4 bytes).
    Removing tim4.o(.revsh_text), (4 bytes).
    Removing tim1.o(.rev16_text), (4 bytes).
    Removing tim1.o(.revsh_text), (4 bytes).
    Removing tim8.o(.rev16_text), (4 bytes).
    Removing tim8.o(.revsh_text), (4 bytes).
    Removing led.o(.rev16_text), (4 bytes).
    Removing led.o(.revsh_text), (4 bytes).
    Removing led.o(i.LED_OFF), (20 bytes).
    Removing led.o(i.LED_ON), (20 bytes).
    Removing oled.o(.rev16_text), (4 bytes).
    Removing oled.o(.revsh_text), (4 bytes).
    Removing oled.o(i.OLED_Clear), (42 bytes).
    Removing oled.o(i.OLED_I2C_Init), (72 bytes).
    Removing oled.o(i.OLED_I2C_SendByte), (80 bytes).
    Removing oled.o(i.OLED_I2C_Start), (48 bytes).
    Removing oled.o(i.OLED_I2C_Stop), (40 bytes).
    Removing oled.o(i.OLED_Init), (174 bytes).
    Removing oled.o(i.OLED_Pow), (20 bytes).
    Removing oled.o(i.OLED_SetCursor), (38 bytes).
    Removing oled.o(i.OLED_ShowBinNum), (62 bytes).
    Removing oled.o(i.OLED_ShowChar), (116 bytes).
    Removing oled.o(i.OLED_ShowHexNum), (84 bytes).
    Removing oled.o(i.OLED_ShowNum), (68 bytes).
    Removing oled.o(i.OLED_ShowSignedNum), (102 bytes).
    Removing oled.o(i.OLED_ShowString), (40 bytes).
    Removing oled.o(i.OLED_WriteCommand), (32 bytes).
    Removing oled.o(i.OLED_WriteData), (32 bytes).
    Removing oled.o(i.OLED_printf), (58 bytes).
    Removing oled.o(.constdata), (1520 bytes).
    Removing servo.o(.rev16_text), (4 bytes).
    Removing servo.o(.revsh_text), (4 bytes).
    Removing remote.o(.rev16_text), (4 bytes).
    Removing remote.o(.revsh_text), (4 bytes).
    Removing motor.o(.rev16_text), (4 bytes).
    Removing motor.o(.revsh_text), (4 bytes).
    Removing pushrod.o(.rev16_text), (4 bytes).
    Removing pushrod.o(.revsh_text), (4 bytes).
    Removing swic.o(.rev16_text), (4 bytes).
    Removing swic.o(.revsh_text), (4 bytes).
    Removing swic.o(i.Pump_GetPWM), (38 bytes).
    Removing main.o(.rev16_text), (4 bytes).
    Removing main.o(.revsh_text), (4 bytes).
    Removing stm32f4xx_it.o(.rev16_text), (4 bytes).
    Removing stm32f4xx_it.o(.revsh_text), (4 bytes).

787 unused section(s) (total 36864 bytes) removed from the image.

==============================================================================

Image Symbol Table

    Local Symbols

    Symbol Name                              Value     Ov Type        Size  Object(Section)

    ../clib/microlib/division.c              0x00000000   Number         0  uldiv.o ABSOLUTE
    ../clib/microlib/division.c              0x00000000   Number         0  uidiv.o ABSOLUTE
    ../clib/microlib/init/entry.s            0x00000000   Number         0  entry11a.o ABSOLUTE
    ../clib/microlib/init/entry.s            0x00000000   Number         0  entry10b.o ABSOLUTE
    ../clib/microlib/init/entry.s            0x00000000   Number         0  entry10a.o ABSOLUTE
    ../clib/microlib/init/entry.s            0x00000000   Number         0  entry8b.o ABSOLUTE
    ../clib/microlib/init/entry.s            0x00000000   Number         0  entry8a.o ABSOLUTE
    ../clib/microlib/init/entry.s            0x00000000   Number         0  entry7b.o ABSOLUTE
    ../clib/microlib/init/entry.s            0x00000000   Number         0  entry9b.o ABSOLUTE
    ../clib/microlib/init/entry.s            0x00000000   Number         0  entry7a.o ABSOLUTE
    ../clib/microlib/init/entry.s            0x00000000   Number         0  entry5.o ABSOLUTE
    ../clib/microlib/init/entry.s            0x00000000   Number         0  entry2.o ABSOLUTE
    ../clib/microlib/init/entry.s            0x00000000   Number         0  entry.o ABSOLUTE
    ../clib/microlib/init/entry.s            0x00000000   Number         0  entry9a.o ABSOLUTE
    ../clib/microlib/init/entry.s            0x00000000   Number         0  entry11b.o ABSOLUTE
    ../clib/microlib/longlong.c              0x00000000   Number         0  llsshr.o ABSOLUTE
    ../clib/microlib/longlong.c              0x00000000   Number         0  llushr.o ABSOLUTE
    ../clib/microlib/longlong.c              0x00000000   Number         0  llshl.o ABSOLUTE
    ../clib/microlib/printf/printf.c         0x00000000   Number         0  printf1.o ABSOLUTE
    ../clib/microlib/printf/printf.c         0x00000000   Number         0  printf7.o ABSOLUTE
    ../clib/microlib/printf/printf.c         0x00000000   Number         0  printf8.o ABSOLUTE
    ../clib/microlib/printf/printf.c         0x00000000   Number         0  printfa.o ABSOLUTE
    ../clib/microlib/printf/printf.c         0x00000000   Number         0  printf0.o ABSOLUTE
    ../clib/microlib/printf/printf.c         0x00000000   Number         0  printfb.o ABSOLUTE
    ../clib/microlib/printf/printf.c         0x00000000   Number         0  printf6.o ABSOLUTE
    ../clib/microlib/printf/printf.c         0x00000000   Number         0  printf5.o ABSOLUTE
    ../clib/microlib/printf/printf.c         0x00000000   Number         0  printf4.o ABSOLUTE
    ../clib/microlib/printf/printf.c         0x00000000   Number         0  printf3.o ABSOLUTE
    ../clib/microlib/printf/printf.c         0x00000000   Number         0  printf2.o ABSOLUTE
    ../clib/microlib/printf/stubs.s          0x00000000   Number         0  stubs.o ABSOLUTE
    ../clib/microlib/stdio/streams.c         0x00000000   Number         0  stdout.o ABSOLUTE
    ../clib/microlib/string/memset.c         0x00000000   Number         0  memseta.o ABSOLUTE
    ../clib/microlib/stubs.s                 0x00000000   Number         0  iusefp.o ABSOLUTE
    ../fplib/microlib/fpadd.c                0x00000000   Number         0  dadd.o ABSOLUTE
    ../fplib/microlib/fpdiv.c                0x00000000   Number         0  ddiv.o ABSOLUTE
    ../fplib/microlib/fpepilogue.c           0x00000000   Number         0  depilogue.o ABSOLUTE
    ../fplib/microlib/fpfix.c                0x00000000   Number         0  dfixul.o ABSOLUTE
    ../fplib/microlib/fpmul.c                0x00000000   Number         0  dmul.o ABSOLUTE
    HardWare\LED.c                           0x00000000   Number         0  led.o ABSOLUTE
    HardWare\Motor.c                         0x00000000   Number         0  motor.o ABSOLUTE
    HardWare\OLED.c                          0x00000000   Number         0  oled.o ABSOLUTE
    HardWare\Pushrod.c                       0x00000000   Number         0  pushrod.o ABSOLUTE
    HardWare\Remote.c                        0x00000000   Number         0  remote.o ABSOLUTE
    HardWare\SWIC.c                          0x00000000   Number         0  swic.o ABSOLUTE
    HardWare\Servo.c                         0x00000000   Number         0  servo.o ABSOLUTE
    HardWare\\LED.c                          0x00000000   Number         0  led.o ABSOLUTE
    HardWare\\Motor.c                        0x00000000   Number         0  motor.o ABSOLUTE
    HardWare\\OLED.c                         0x00000000   Number         0  oled.o ABSOLUTE
    HardWare\\Pushrod.c                      0x00000000   Number         0  pushrod.o ABSOLUTE
    HardWare\\Remote.c                       0x00000000   Number         0  remote.o ABSOLUTE
    HardWare\\SWIC.c                         0x00000000   Number         0  swic.o ABSOLUTE
    HardWare\\Servo.c                        0x00000000   Number         0  servo.o ABSOLUTE
    Library\\src\\misc.c                     0x00000000   Number         0  misc.o ABSOLUTE
    Library\\src\\stm32f4xx_adc.c            0x00000000   Number         0  stm32f4xx_adc.o ABSOLUTE
    Library\\src\\stm32f4xx_can.c            0x00000000   Number         0  stm32f4xx_can.o ABSOLUTE
    Library\\src\\stm32f4xx_crc.c            0x00000000   Number         0  stm32f4xx_crc.o ABSOLUTE
    Library\\src\\stm32f4xx_cryp.c           0x00000000   Number         0  stm32f4xx_cryp.o ABSOLUTE
    Library\\src\\stm32f4xx_cryp_aes.c       0x00000000   Number         0  stm32f4xx_cryp_aes.o ABSOLUTE
    Library\\src\\stm32f4xx_cryp_des.c       0x00000000   Number         0  stm32f4xx_cryp_des.o ABSOLUTE
    Library\\src\\stm32f4xx_cryp_tdes.c      0x00000000   Number         0  stm32f4xx_cryp_tdes.o ABSOLUTE
    Library\\src\\stm32f4xx_dac.c            0x00000000   Number         0  stm32f4xx_dac.o ABSOLUTE
    Library\\src\\stm32f4xx_dbgmcu.c         0x00000000   Number         0  stm32f4xx_dbgmcu.o ABSOLUTE
    Library\\src\\stm32f4xx_dcmi.c           0x00000000   Number         0  stm32f4xx_dcmi.o ABSOLUTE
    Library\\src\\stm32f4xx_dma.c            0x00000000   Number         0  stm32f4xx_dma.o ABSOLUTE
    Library\\src\\stm32f4xx_dma2d.c          0x00000000   Number         0  stm32f4xx_dma2d.o ABSOLUTE
    Library\\src\\stm32f4xx_exti.c           0x00000000   Number         0  stm32f4xx_exti.o ABSOLUTE
    Library\\src\\stm32f4xx_flash.c          0x00000000   Number         0  stm32f4xx_flash.o ABSOLUTE
    Library\\src\\stm32f4xx_flash_ramfunc.c  0x00000000   Number         0  stm32f4xx_flash_ramfunc.o ABSOLUTE
    Library\\src\\stm32f4xx_fsmc.c           0x00000000   Number         0  stm32f4xx_fsmc.o ABSOLUTE
    Library\\src\\stm32f4xx_gpio.c           0x00000000   Number         0  stm32f4xx_gpio.o ABSOLUTE
    Library\\src\\stm32f4xx_hash.c           0x00000000   Number         0  stm32f4xx_hash.o ABSOLUTE
    Library\\src\\stm32f4xx_hash_md5.c       0x00000000   Number         0  stm32f4xx_hash_md5.o ABSOLUTE
    Library\\src\\stm32f4xx_hash_sha1.c      0x00000000   Number         0  stm32f4xx_hash_sha1.o ABSOLUTE
    Library\\src\\stm32f4xx_i2c.c            0x00000000   Number         0  stm32f4xx_i2c.o ABSOLUTE
    Library\\src\\stm32f4xx_iwdg.c           0x00000000   Number         0  stm32f4xx_iwdg.o ABSOLUTE
    Library\\src\\stm32f4xx_ltdc.c           0x00000000   Number         0  stm32f4xx_ltdc.o ABSOLUTE
    Library\\src\\stm32f4xx_pwr.c            0x00000000   Number         0  stm32f4xx_pwr.o ABSOLUTE
    Library\\src\\stm32f4xx_rcc.c            0x00000000   Number         0  stm32f4xx_rcc.o ABSOLUTE
    Library\\src\\stm32f4xx_rng.c            0x00000000   Number         0  stm32f4xx_rng.o ABSOLUTE
    Library\\src\\stm32f4xx_rtc.c            0x00000000   Number         0  stm32f4xx_rtc.o ABSOLUTE
    Library\\src\\stm32f4xx_sai.c            0x00000000   Number         0  stm32f4xx_sai.o ABSOLUTE
    Library\\src\\stm32f4xx_sdio.c           0x00000000   Number         0  stm32f4xx_sdio.o ABSOLUTE
    Library\\src\\stm32f4xx_spi.c            0x00000000   Number         0  stm32f4xx_spi.o ABSOLUTE
    Library\\src\\stm32f4xx_syscfg.c         0x00000000   Number         0  stm32f4xx_syscfg.o ABSOLUTE
    Library\\src\\stm32f4xx_tim.c            0x00000000   Number         0  stm32f4xx_tim.o ABSOLUTE
    Library\\src\\stm32f4xx_usart.c          0x00000000   Number         0  stm32f4xx_usart.o ABSOLUTE
    Library\\src\\stm32f4xx_wwdg.c           0x00000000   Number         0  stm32f4xx_wwdg.o ABSOLUTE
    Library\src\misc.c                       0x00000000   Number         0  misc.o ABSOLUTE
    Library\src\stm32f4xx_adc.c              0x00000000   Number         0  stm32f4xx_adc.o ABSOLUTE
    Library\src\stm32f4xx_can.c              0x00000000   Number         0  stm32f4xx_can.o ABSOLUTE
    Library\src\stm32f4xx_crc.c              0x00000000   Number         0  stm32f4xx_crc.o ABSOLUTE
    Library\src\stm32f4xx_cryp.c             0x00000000   Number         0  stm32f4xx_cryp.o ABSOLUTE
    Library\src\stm32f4xx_cryp_aes.c         0x00000000   Number         0  stm32f4xx_cryp_aes.o ABSOLUTE
    Library\src\stm32f4xx_cryp_des.c         0x00000000   Number         0  stm32f4xx_cryp_des.o ABSOLUTE
    Library\src\stm32f4xx_cryp_tdes.c        0x00000000   Number         0  stm32f4xx_cryp_tdes.o ABSOLUTE
    Library\src\stm32f4xx_dac.c              0x00000000   Number         0  stm32f4xx_dac.o ABSOLUTE
    Library\src\stm32f4xx_dbgmcu.c           0x00000000   Number         0  stm32f4xx_dbgmcu.o ABSOLUTE
    Library\src\stm32f4xx_dcmi.c             0x00000000   Number         0  stm32f4xx_dcmi.o ABSOLUTE
    Library\src\stm32f4xx_dma.c              0x00000000   Number         0  stm32f4xx_dma.o ABSOLUTE
    Library\src\stm32f4xx_dma2d.c            0x00000000   Number         0  stm32f4xx_dma2d.o ABSOLUTE
    Library\src\stm32f4xx_exti.c             0x00000000   Number         0  stm32f4xx_exti.o ABSOLUTE
    Library\src\stm32f4xx_flash.c            0x00000000   Number         0  stm32f4xx_flash.o ABSOLUTE
    Library\src\stm32f4xx_flash_ramfunc.c    0x00000000   Number         0  stm32f4xx_flash_ramfunc.o ABSOLUTE
    Library\src\stm32f4xx_fsmc.c             0x00000000   Number         0  stm32f4xx_fsmc.o ABSOLUTE
    Library\src\stm32f4xx_gpio.c             0x00000000   Number         0  stm32f4xx_gpio.o ABSOLUTE
    Library\src\stm32f4xx_hash.c             0x00000000   Number         0  stm32f4xx_hash.o ABSOLUTE
    Library\src\stm32f4xx_hash_md5.c         0x00000000   Number         0  stm32f4xx_hash_md5.o ABSOLUTE
    Library\src\stm32f4xx_hash_sha1.c        0x00000000   Number         0  stm32f4xx_hash_sha1.o ABSOLUTE
    Library\src\stm32f4xx_i2c.c              0x00000000   Number         0  stm32f4xx_i2c.o ABSOLUTE
    Library\src\stm32f4xx_iwdg.c             0x00000000   Number         0  stm32f4xx_iwdg.o ABSOLUTE
    Library\src\stm32f4xx_ltdc.c             0x00000000   Number         0  stm32f4xx_ltdc.o ABSOLUTE
    Library\src\stm32f4xx_pwr.c              0x00000000   Number         0  stm32f4xx_pwr.o ABSOLUTE
    Library\src\stm32f4xx_rcc.c              0x00000000   Number         0  stm32f4xx_rcc.o ABSOLUTE
    Library\src\stm32f4xx_rng.c              0x00000000   Number         0  stm32f4xx_rng.o ABSOLUTE
    Library\src\stm32f4xx_rtc.c              0x00000000   Number         0  stm32f4xx_rtc.o ABSOLUTE
    Library\src\stm32f4xx_sai.c              0x00000000   Number         0  stm32f4xx_sai.o ABSOLUTE
    Library\src\stm32f4xx_sdio.c             0x00000000   Number         0  stm32f4xx_sdio.o ABSOLUTE
    Library\src\stm32f4xx_spi.c              0x00000000   Number         0  stm32f4xx_spi.o ABSOLUTE
    Library\src\stm32f4xx_syscfg.c           0x00000000   Number         0  stm32f4xx_syscfg.o ABSOLUTE
    Library\src\stm32f4xx_tim.c              0x00000000   Number         0  stm32f4xx_tim.o ABSOLUTE
    Library\src\stm32f4xx_usart.c            0x00000000   Number         0  stm32f4xx_usart.o ABSOLUTE
    Library\src\stm32f4xx_wwdg.c             0x00000000   Number         0  stm32f4xx_wwdg.o ABSOLUTE
    Start\\system_stm32f4xx.c                0x00000000   Number         0  system_stm32f4xx.o ABSOLUTE
    Start\startup_stm32f40_41xxx.s           0x00000000   Number         0  startup_stm32f40_41xxx.o ABSOLUTE
    Start\system_stm32f4xx.c                 0x00000000   Number         0  system_stm32f4xx.o ABSOLUTE
    System\Delay.c                           0x00000000   Number         0  delay.o ABSOLUTE
    System\TIM1.c                            0x00000000   Number         0  tim1.o ABSOLUTE
    System\TIM2.c                            0x00000000   Number         0  tim2.o ABSOLUTE
    System\TIM3.c                            0x00000000   Number         0  tim3.o ABSOLUTE
    System\TIM4.c                            0x00000000   Number         0  tim4.o ABSOLUTE
    System\TIM5.c                            0x00000000   Number         0  tim5.o ABSOLUTE
    System\TIM8.c                            0x00000000   Number         0  tim8.o ABSOLUTE
    System\USART1.c                          0x00000000   Number         0  usart1.o ABSOLUTE
    System\\Delay.c                          0x00000000   Number         0  delay.o ABSOLUTE
    System\\TIM1.c                           0x00000000   Number         0  tim1.o ABSOLUTE
    System\\TIM2.c                           0x00000000   Number         0  tim2.o ABSOLUTE
    System\\TIM3.c                           0x00000000   Number         0  tim3.o ABSOLUTE
    System\\TIM4.c                           0x00000000   Number         0  tim4.o ABSOLUTE
    System\\TIM5.c                           0x00000000   Number         0  tim5.o ABSOLUTE
    System\\TIM8.c                           0x00000000   Number         0  tim8.o ABSOLUTE
    System\\USART1.c                         0x00000000   Number         0  usart1.o ABSOLUTE
    User\\main.c                             0x00000000   Number         0  main.o ABSOLUTE
    User\\stm32f4xx_it.c                     0x00000000   Number         0  stm32f4xx_it.o ABSOLUTE
    User\main.c                              0x00000000   Number         0  main.o ABSOLUTE
    User\stm32f4xx_it.c                      0x00000000   Number         0  stm32f4xx_it.o ABSOLUTE
    cdrcmple.s                               0x00000000   Number         0  cdrcmple.o ABSOLUTE
    dc.s                                     0x00000000   Number         0  dc.o ABSOLUTE
    handlers.s                               0x00000000   Number         0  handlers.o ABSOLUTE
    init.s                                   0x00000000   Number         0  init.o ABSOLUTE
    RESET                                    0x08000000   Section      392  startup_stm32f40_41xxx.o(RESET)
    .ARM.Collect$$$$00000000                 0x08000188   Section        0  entry.o(.ARM.Collect$$$$00000000)
    .ARM.Collect$$$$00000001                 0x08000188   Section        4  entry2.o(.ARM.Collect$$$$00000001)
    .ARM.Collect$$$$00000004                 0x0800018c   Section        4  entry5.o(.ARM.Collect$$$$00000004)
    .ARM.Collect$$$$00000008                 0x08000190   Section        0  entry7b.o(.ARM.Collect$$$$00000008)
    .ARM.Collect$$$$0000000A                 0x08000190   Section        0  entry8b.o(.ARM.Collect$$$$0000000A)
    .ARM.Collect$$$$0000000B                 0x08000190   Section        8  entry9a.o(.ARM.Collect$$$$0000000B)
    .ARM.Collect$$$$0000000D                 0x08000198   Section        0  entry10a.o(.ARM.Collect$$$$0000000D)
    .ARM.Collect$$$$0000000F                 0x08000198   Section        0  entry11a.o(.ARM.Collect$$$$0000000F)
    .ARM.Collect$$$$00002712                 0x08000198   Section        4  entry2.o(.ARM.Collect$$$$00002712)
    __lit__00000000                          0x08000198   Data           4  entry2.o(.ARM.Collect$$$$00002712)
    .text                                    0x0800019c   Section       36  startup_stm32f40_41xxx.o(.text)
    $v0                                      0x0800019c   Number         0  startup_stm32f40_41xxx.o(.text)
    .text                                    0x080001c0   Section        0  uidiv.o(.text)
    .text                                    0x080001ec   Section        0  uldiv.o(.text)
    .text                                    0x0800024e   Section        0  dadd.o(.text)
    .text                                    0x0800024e   Section        0  iusefp.o(.text)
    .text                                    0x0800039c   Section        0  dmul.o(.text)
    .text                                    0x08000480   Section        0  ddiv.o(.text)
    .text                                    0x0800055e   Section        0  dfixul.o(.text)
    .text                                    0x08000590   Section       48  cdrcmple.o(.text)
    .text                                    0x080005c0   Section       36  init.o(.text)
    .text                                    0x080005e4   Section        0  llshl.o(.text)
    .text                                    0x08000602   Section        0  llushr.o(.text)
    .text                                    0x08000622   Section        0  llsshr.o(.text)
    .text                                    0x08000646   Section        0  depilogue.o(.text)
    i.BusFault_Handler                       0x08000700   Section        0  stm32f4xx_it.o(i.BusFault_Handler)
    i.Conveyor_GetPWM                        0x08000704   Section        0  swic.o(i.Conveyor_GetPWM)
    i.Conveyor_SetPWM                        0x0800072c   Section        0  swic.o(i.Conveyor_SetPWM)
    i.Conveyor_Start                         0x08000740   Section        0  swic.o(i.Conveyor_Start)
    i.Conveyor_Stop                          0x08000754   Section        0  swic.o(i.Conveyor_Stop)
    i.DebugMon_Handler                       0x08000768   Section        0  stm32f4xx_it.o(i.DebugMon_Handler)
    i.GPIO_Init                              0x0800076a   Section        0  stm32f4xx_gpio.o(i.GPIO_Init)
    i.GPIO_PinAFConfig                       0x080007fa   Section        0  stm32f4xx_gpio.o(i.GPIO_PinAFConfig)
    i.GPIO_ReadOutputDataBit                 0x08000840   Section        0  stm32f4xx_gpio.o(i.GPIO_ReadOutputDataBit)
    i.GPIO_ResetBits                         0x08000852   Section        0  stm32f4xx_gpio.o(i.GPIO_ResetBits)
    i.GPIO_SetBits                           0x08000856   Section        0  stm32f4xx_gpio.o(i.GPIO_SetBits)
    i.HardFault_Handler                      0x0800085a   Section        0  stm32f4xx_it.o(i.HardFault_Handler)
    i.LED_Init                               0x08000860   Section        0  led.o(i.LED_Init)
    i.LED_Turn                               0x0800089c   Section        0  led.o(i.LED_Turn)
    i.MemManage_Handler                      0x080008c8   Section        0  stm32f4xx_it.o(i.MemManage_Handler)
    i.MotorLeft_GetRemotePWM                 0x080008cc   Section        0  motor.o(i.MotorLeft_GetRemotePWM)
    i.MotorLeft_SetPWM                       0x08000938   Section        0  motor.o(i.MotorLeft_SetPWM)
    i.MotorRight_GetRemotePWM                0x0800095c   Section        0  motor.o(i.MotorRight_GetRemotePWM)
    i.MotorRight_SetPWM                      0x080009c8   Section        0  motor.o(i.MotorRight_SetPWM)
    i.MotorX_GetRemoteOriPWM                 0x080009ec   Section        0  motor.o(i.MotorX_GetRemoteOriPWM)
    i.MotorY_GetRemoteOriPWM                 0x080009fa   Section        0  motor.o(i.MotorY_GetRemoteOriPWM)
    i.Motor_Init                             0x08000a08   Section        0  motor.o(i.Motor_Init)
    i.Motor_Start                            0x08000a14   Section        0  motor.o(i.Motor_Start)
    i.Motor_Stop                             0x08000a30   Section        0  motor.o(i.Motor_Stop)
    i.NMI_Handler                            0x08000a58   Section        0  stm32f4xx_it.o(i.NMI_Handler)
    i.NVIC_Init                              0x08000a5c   Section        0  misc.o(i.NVIC_Init)
    i.NVIC_PriorityGroupConfig               0x08000ad4   Section        0  misc.o(i.NVIC_PriorityGroupConfig)
    i.PendSV_Handler                         0x08000ae8   Section        0  stm32f4xx_it.o(i.PendSV_Handler)
    i.Pump_SetPWM                            0x08000aec   Section        0  swic.o(i.Pump_SetPWM)
    i.Pump_Start                             0x08000b00   Section        0  swic.o(i.Pump_Start)
    i.Pump_Stop                              0x08000b14   Section        0  swic.o(i.Pump_Stop)
    i.PushrodLeft_SetPWM                     0x08000b28   Section        0  pushrod.o(i.PushrodLeft_SetPWM)
    i.PushrodRight_SetPWM                    0x08000b3c   Section        0  pushrod.o(i.PushrodRight_SetPWM)
    i.Pushrod_GetRemoteOriPWM                0x08000b50   Section        0  pushrod.o(i.Pushrod_GetRemoteOriPWM)
    i.Pushrod_GetRemotePWM                   0x08000b70   Section        0  pushrod.o(i.Pushrod_GetRemotePWM)
    i.Pushrod_Init                           0x08000b7c   Section        0  pushrod.o(i.Pushrod_Init)
    i.Pushrod_Start                          0x08000b88   Section        0  pushrod.o(i.Pushrod_Start)
    i.Pushrod_Stop                           0x08000ba4   Section        0  pushrod.o(i.Pushrod_Stop)
    i.RCC_AHB1PeriphClockCmd                 0x08000bc0   Section        0  stm32f4xx_rcc.o(i.RCC_AHB1PeriphClockCmd)
    i.RCC_APB1PeriphClockCmd                 0x08000be0   Section        0  stm32f4xx_rcc.o(i.RCC_APB1PeriphClockCmd)
    i.RCC_APB2PeriphClockCmd                 0x08000c00   Section        0  stm32f4xx_rcc.o(i.RCC_APB2PeriphClockCmd)
    i.RCC_GetClocksFreq                      0x08000c20   Section        0  stm32f4xx_rcc.o(i.RCC_GetClocksFreq)
    i.SVC_Handler                            0x08000d08   Section        0  stm32f4xx_it.o(i.SVC_Handler)
    i.SWIC1_GetRemoteOriPWM                  0x08000d0c   Section        0  swic.o(i.SWIC1_GetRemoteOriPWM)
    i.SWIC2_GetRemoteOriPWM                  0x08000d1c   Section        0  swic.o(i.SWIC2_GetRemoteOriPWM)
    i.SWIC3_GetRemoteOriPWM                  0x08000d2c   Section        0  swic.o(i.SWIC3_GetRemoteOriPWM)
    i.SWIC4_GetRemoteOriPWM                  0x08000d3c   Section        0  swic.o(i.SWIC4_GetRemoteOriPWM)
    i.SWIC_GetRemoteState                    0x08000d4c   Section        0  swic.o(i.SWIC_GetRemoteState)
    i.SWIC_Init                              0x08000da8   Section        0  swic.o(i.SWIC_Init)
    i.ServoLeft_SetPWM                       0x08000db4   Section        0  servo.o(i.ServoLeft_SetPWM)
    i.ServoRight_SetPWM                      0x08000dd8   Section        0  servo.o(i.ServoRight_SetPWM)
    i.Servo_GetRemoteOriPWM                  0x08000dfc   Section        0  servo.o(i.Servo_GetRemoteOriPWM)
    i.Servo_GetRemotePWM                     0x08000e0c   Section        0  servo.o(i.Servo_GetRemotePWM)
    i.Servo_Init                             0x08000e5c   Section        0  servo.o(i.Servo_Init)
    i.Servo_Reset                            0x08000e68   Section        0  servo.o(i.Servo_Reset)
    i.Servo_Start                            0x08000e84   Section        0  servo.o(i.Servo_Start)
    i.SetSysClock                            0x08000ea0   Section        0  system_stm32f4xx.o(i.SetSysClock)
    SetSysClock                              0x08000ea1   Thumb Code   220  system_stm32f4xx.o(i.SetSysClock)
    i.SysTick_Handler                        0x08000f8c   Section        0  stm32f4xx_it.o(i.SysTick_Handler)
    i.SystemInit                             0x08000f90   Section        0  system_stm32f4xx.o(i.SystemInit)
    i.TI1_Config                             0x08000ff8   Section        0  stm32f4xx_tim.o(i.TI1_Config)
    TI1_Config                               0x08000ff9   Thumb Code    58  stm32f4xx_tim.o(i.TI1_Config)
    i.TI2_Config                             0x08001032   Section        0  stm32f4xx_tim.o(i.TI2_Config)
    TI2_Config                               0x08001033   Thumb Code    80  stm32f4xx_tim.o(i.TI2_Config)
    i.TI3_Config                             0x08001082   Section        0  stm32f4xx_tim.o(i.TI3_Config)
    TI3_Config                               0x08001083   Thumb Code    72  stm32f4xx_tim.o(i.TI3_Config)
    i.TI4_Config                             0x080010ca   Section        0  stm32f4xx_tim.o(i.TI4_Config)
    TI4_Config                               0x080010cb   Thumb Code    80  stm32f4xx_tim.o(i.TI4_Config)
    i.TIM1_Init                              0x0800111c   Section        0  tim1.o(i.TIM1_Init)
    i.TIM2_IRQHandler                        0x08001240   Section        0  tim2.o(i.TIM2_IRQHandler)
    i.TIM2_Init                              0x08001260   Section        0  tim2.o(i.TIM2_Init)
    i.TIM3_IRQHandler                        0x080013bc   Section        0  tim3.o(i.TIM3_IRQHandler)
    i.TIM3_Init                              0x080013e0   Section        0  tim3.o(i.TIM3_Init)
    i.TIM4_IRQHandler                        0x08001520   Section        0  tim4.o(i.TIM4_IRQHandler)
    i.TIM4_Init                              0x08001544   Section        0  tim4.o(i.TIM4_Init)
    i.TIM5_IRQHandler                        0x08001684   Section        0  tim5.o(i.TIM5_IRQHandler)
    i.TIM5_Init                              0x080016a8   Section        0  tim5.o(i.TIM5_Init)
    i.TIM8_Init                              0x080017e4   Section        0  tim8.o(i.TIM8_Init)
    i.TIM8_UP_TIM13_IRQHandler               0x08001908   Section        0  tim8.o(i.TIM8_UP_TIM13_IRQHandler)
    i.TIM_ARRPreloadConfig                   0x08001940   Section        0  stm32f4xx_tim.o(i.TIM_ARRPreloadConfig)
    i.TIM_CCxCmd                             0x08001958   Section        0  stm32f4xx_tim.o(i.TIM_CCxCmd)
    i.TIM_ClearFlag                          0x08001976   Section        0  stm32f4xx_tim.o(i.TIM_ClearFlag)
    i.TIM_Cmd                                0x0800197c   Section        0  stm32f4xx_tim.o(i.TIM_Cmd)
    i.TIM_CtrlPWMOutputs                     0x08001994   Section        0  stm32f4xx_tim.o(i.TIM_CtrlPWMOutputs)
    i.TIM_GetCapture2                        0x080019b2   Section        0  stm32f4xx_tim.o(i.TIM_GetCapture2)
    i.TIM_GetCapture4                        0x080019b8   Section        0  stm32f4xx_tim.o(i.TIM_GetCapture4)
    i.TIM_GetFlagStatus                      0x080019be   Section        0  stm32f4xx_tim.o(i.TIM_GetFlagStatus)
    i.TIM_ICInit                             0x080019d0   Section        0  stm32f4xx_tim.o(i.TIM_ICInit)
    i.TIM_ITConfig                           0x08001a3e   Section        0  stm32f4xx_tim.o(i.TIM_ITConfig)
    i.TIM_InternalClockConfig                0x08001a50   Section        0  stm32f4xx_tim.o(i.TIM_InternalClockConfig)
    i.TIM_OC1Init                            0x08001a5c   Section        0  stm32f4xx_tim.o(i.TIM_OC1Init)
    i.TIM_OC1PreloadConfig                   0x08001ad8   Section        0  stm32f4xx_tim.o(i.TIM_OC1PreloadConfig)
    i.TIM_OC2Init                            0x08001aec   Section        0  stm32f4xx_tim.o(i.TIM_OC2Init)
    i.TIM_OC2PreloadConfig                   0x08001b90   Section        0  stm32f4xx_tim.o(i.TIM_OC2PreloadConfig)
    i.TIM_OC3Init                            0x08001bac   Section        0  stm32f4xx_tim.o(i.TIM_OC3Init)
    i.TIM_OC3PreloadConfig                   0x08001c4c   Section        0  stm32f4xx_tim.o(i.TIM_OC3PreloadConfig)
    i.TIM_OC4Init                            0x08001c60   Section        0  stm32f4xx_tim.o(i.TIM_OC4Init)
    i.TIM_OC4PreloadConfig                   0x08001cd8   Section        0  stm32f4xx_tim.o(i.TIM_OC4PreloadConfig)
    i.TIM_PWMIConfig                         0x08001cf2   Section        0  stm32f4xx_tim.o(i.TIM_PWMIConfig)
    i.TIM_SelectInputTrigger                 0x08001d6e   Section        0  stm32f4xx_tim.o(i.TIM_SelectInputTrigger)
    i.TIM_SelectSlaveMode                    0x08001d80   Section        0  stm32f4xx_tim.o(i.TIM_SelectSlaveMode)
    i.TIM_SetCompare1                        0x08001d92   Section        0  stm32f4xx_tim.o(i.TIM_SetCompare1)
    i.TIM_SetCompare2                        0x08001d96   Section        0  stm32f4xx_tim.o(i.TIM_SetCompare2)
    i.TIM_SetCompare3                        0x08001d9a   Section        0  stm32f4xx_tim.o(i.TIM_SetCompare3)
    i.TIM_SetCompare4                        0x08001d9e   Section        0  stm32f4xx_tim.o(i.TIM_SetCompare4)
    i.TIM_SetCounter                         0x08001da2   Section        0  stm32f4xx_tim.o(i.TIM_SetCounter)
    i.TIM_SetIC1Prescaler                    0x08001da6   Section        0  stm32f4xx_tim.o(i.TIM_SetIC1Prescaler)
    i.TIM_SetIC2Prescaler                    0x08001db8   Section        0  stm32f4xx_tim.o(i.TIM_SetIC2Prescaler)
    i.TIM_SetIC3Prescaler                    0x08001dd2   Section        0  stm32f4xx_tim.o(i.TIM_SetIC3Prescaler)
    i.TIM_SetIC4Prescaler                    0x08001de4   Section        0  stm32f4xx_tim.o(i.TIM_SetIC4Prescaler)
    i.TIM_TimeBaseInit                       0x08001e00   Section        0  stm32f4xx_tim.o(i.TIM_TimeBaseInit)
    i.USART1_Config                          0x08001e84   Section        0  usart1.o(i.USART1_Config)
    i.USART1_IRQHandler                      0x08001f48   Section        0  usart1.o(i.USART1_IRQHandler)
    i.USART_ClearFlag                        0x08001f8c   Section        0  stm32f4xx_usart.o(i.USART_ClearFlag)
    i.USART_ClearITPendingBit                0x08001f9e   Section        0  stm32f4xx_usart.o(i.USART_ClearITPendingBit)
    i.USART_Cmd                              0x08001fbc   Section        0  stm32f4xx_usart.o(i.USART_Cmd)
    i.USART_GetFlagStatus                    0x08001fd4   Section        0  stm32f4xx_usart.o(i.USART_GetFlagStatus)
    i.USART_ITConfig                         0x08001fee   Section        0  stm32f4xx_usart.o(i.USART_ITConfig)
    i.USART_Init                             0x08002038   Section        0  stm32f4xx_usart.o(i.USART_Init)
    i.USART_ReceiveData                      0x0800210c   Section        0  stm32f4xx_usart.o(i.USART_ReceiveData)
    i.USART_SendData                         0x08002116   Section        0  stm32f4xx_usart.o(i.USART_SendData)
    i.UsageFault_Handler                     0x0800211e   Section        0  stm32f4xx_it.o(i.UsageFault_Handler)
    i.__0printf                              0x08002124   Section        0  printfa.o(i.__0printf)
    i.__scatterload_copy                     0x08002144   Section       14  handlers.o(i.__scatterload_copy)
    i.__scatterload_null                     0x08002152   Section        2  handlers.o(i.__scatterload_null)
    i.__scatterload_zeroinit                 0x08002154   Section       14  handlers.o(i.__scatterload_zeroinit)
    i._fp_digits                             0x08002164   Section        0  printfa.o(i._fp_digits)
    _fp_digits                               0x08002165   Thumb Code   366  printfa.o(i._fp_digits)
    i._printf_core                           0x080022e8   Section        0  printfa.o(i._printf_core)
    _printf_core                             0x080022e9   Thumb Code  1744  printfa.o(i._printf_core)
    i._printf_post_padding                   0x080029c4   Section        0  printfa.o(i._printf_post_padding)
    _printf_post_padding                     0x080029c5   Thumb Code    36  printfa.o(i._printf_post_padding)
    i._printf_pre_padding                    0x080029e8   Section        0  printfa.o(i._printf_pre_padding)
    _printf_pre_padding                      0x080029e9   Thumb Code    46  printfa.o(i._printf_pre_padding)
    i.fputc                                  0x08002a18   Section        0  usart1.o(i.fputc)
    i.main                                   0x08002a3c   Section        0  main.o(i.main)
    i.test                                   0x08002b64   Section        0  main.o(i.test)
    i.test2                                  0x08002b98   Section        0  main.o(i.test2)
    .data                                    0x20000000   Section       16  stm32f4xx_rcc.o(.data)
    APBAHBPrescTable                         0x20000000   Data          16  stm32f4xx_rcc.o(.data)
    .data                                    0x20000010   Section        2  usart1.o(.data)
    .data                                    0x20000014   Section        4  tim8.o(.data)
    num                                      0x20000014   Data           4  tim8.o(.data)
    .data                                    0x20000018   Section        4  stdout.o(.data)
    STACK                                    0x20000020   Section     1024  startup_stm32f40_41xxx.o(STACK)

    Global Symbols

    Symbol Name                              Value     Ov Type        Size  Object(Section)

    BuildAttributes$$THM_ISAv4$E$P$D$K$B$S$7EM$VFPi3$EXTD16$VFPS$VFMA$PE$A:L22UL41UL21$X:L11$S22US41US21$IEEE1$IW$USESV6$~STKCKD$USESV7$~SHL$OSPACE$ROPI$EBA8$MICROLIB$REQ8$PRES8$EABIv2 0x00000000   Number         0  anon$$obj.o ABSOLUTE
    __ARM_use_no_argv                        0x00000000   Number         0  main.o ABSOLUTE
    _printf_a                                0x00000000   Number         0  stubs.o ABSOLUTE
    _printf_c                                0x00000000   Number         0  stubs.o ABSOLUTE
    _printf_charcount                        0x00000000   Number         0  stubs.o ABSOLUTE
    _printf_d                                0x00000000   Number         0  stubs.o ABSOLUTE
    _printf_e                                0x00000000   Number         0  stubs.o ABSOLUTE
    _printf_f                                0x00000000   Number         0  stubs.o ABSOLUTE
    _printf_flags                            0x00000000   Number         0  stubs.o ABSOLUTE
    _printf_fp_dec                           0x00000000   Number         0  stubs.o ABSOLUTE
    _printf_fp_hex                           0x00000000   Number         0  stubs.o ABSOLUTE
    _printf_g                                0x00000000   Number         0  stubs.o ABSOLUTE
    _printf_i                                0x00000000   Number         0  stubs.o ABSOLUTE
    _printf_int_dec                          0x00000000   Number         0  stubs.o ABSOLUTE
    _printf_l                                0x00000000   Number         0  stubs.o ABSOLUTE
    _printf_lc                               0x00000000   Number         0  stubs.o ABSOLUTE
    _printf_ll                               0x00000000   Number         0  stubs.o ABSOLUTE
    _printf_lld                              0x00000000   Number         0  stubs.o ABSOLUTE
    _printf_lli                              0x00000000   Number         0  stubs.o ABSOLUTE
    _printf_llo                              0x00000000   Number         0  stubs.o ABSOLUTE
    _printf_llu                              0x00000000   Number         0  stubs.o ABSOLUTE
    _printf_llx                              0x00000000   Number         0  stubs.o ABSOLUTE
    _printf_longlong_dec                     0x00000000   Number         0  stubs.o ABSOLUTE
    _printf_longlong_hex                     0x00000000   Number         0  stubs.o ABSOLUTE
    _printf_longlong_oct                     0x00000000   Number         0  stubs.o ABSOLUTE
    _printf_ls                               0x00000000   Number         0  stubs.o ABSOLUTE
    _printf_mbtowc                           0x00000000   Number         0  stubs.o ABSOLUTE
    _printf_n                                0x00000000   Number         0  stubs.o ABSOLUTE
    _printf_o                                0x00000000   Number         0  stubs.o ABSOLUTE
    _printf_p                                0x00000000   Number         0  stubs.o ABSOLUTE
    _printf_percent                          0x00000000   Number         0  stubs.o ABSOLUTE
    _printf_pre_padding                      0x00000000   Number         0  stubs.o ABSOLUTE
    _printf_return_value                     0x00000000   Number         0  stubs.o ABSOLUTE
    _printf_s                                0x00000000   Number         0  stubs.o ABSOLUTE
    _printf_sizespec                         0x00000000   Number         0  stubs.o ABSOLUTE
    _printf_str                              0x00000000   Number         0  stubs.o ABSOLUTE
    _printf_truncate_signed                  0x00000000   Number         0  stubs.o ABSOLUTE
    _printf_truncate_unsigned                0x00000000   Number         0  stubs.o ABSOLUTE
    _printf_u                                0x00000000   Number         0  stubs.o ABSOLUTE
    _printf_wc                               0x00000000   Number         0  stubs.o ABSOLUTE
    _printf_wctomb                           0x00000000   Number         0  stubs.o ABSOLUTE
    _printf_widthprec                        0x00000000   Number         0  stubs.o ABSOLUTE
    _printf_x                                0x00000000   Number         0  stubs.o ABSOLUTE
    __cpp_initialize__aeabi_                  - Undefined Weak Reference
    __cxa_finalize                            - Undefined Weak Reference
    __decompress                              - Undefined Weak Reference
    _clock_init                               - Undefined Weak Reference
    _microlib_exit                            - Undefined Weak Reference
    __Vectors_Size                           0x00000188   Number         0  startup_stm32f40_41xxx.o ABSOLUTE
    __Vectors                                0x08000000   Data           4  startup_stm32f40_41xxx.o(RESET)
    __Vectors_End                            0x08000188   Data           0  startup_stm32f40_41xxx.o(RESET)
    __main                                   0x08000189   Thumb Code     0  entry.o(.ARM.Collect$$$$00000000)
    _main_stk                                0x08000189   Thumb Code     0  entry2.o(.ARM.Collect$$$$00000001)
    _main_scatterload                        0x0800018d   Thumb Code     0  entry5.o(.ARM.Collect$$$$00000004)
    __main_after_scatterload                 0x08000191   Thumb Code     0  entry5.o(.ARM.Collect$$$$00000004)
    _main_clock                              0x08000191   Thumb Code     0  entry7b.o(.ARM.Collect$$$$00000008)
    _main_cpp_init                           0x08000191   Thumb Code     0  entry8b.o(.ARM.Collect$$$$0000000A)
    _main_init                               0x08000191   Thumb Code     0  entry9a.o(.ARM.Collect$$$$0000000B)
    __rt_final_cpp                           0x08000199   Thumb Code     0  entry10a.o(.ARM.Collect$$$$0000000D)
    __rt_final_exit                          0x08000199   Thumb Code     0  entry11a.o(.ARM.Collect$$$$0000000F)
    Reset_Handler                            0x0800019d   Thumb Code     8  startup_stm32f40_41xxx.o(.text)
    ADC_IRQHandler                           0x080001b7   Thumb Code     0  startup_stm32f40_41xxx.o(.text)
    CAN1_RX0_IRQHandler                      0x080001b7   Thumb Code     0  startup_stm32f40_41xxx.o(.text)
    CAN1_RX1_IRQHandler                      0x080001b7   Thumb Code     0  startup_stm32f40_41xxx.o(.text)
    CAN1_SCE_IRQHandler                      0x080001b7   Thumb Code     0  startup_stm32f40_41xxx.o(.text)
    CAN1_TX_IRQHandler                       0x080001b7   Thumb Code     0  startup_stm32f40_41xxx.o(.text)
    CAN2_RX0_IRQHandler                      0x080001b7   Thumb Code     0  startup_stm32f40_41xxx.o(.text)
    CAN2_RX1_IRQHandler                      0x080001b7   Thumb Code     0  startup_stm32f40_41xxx.o(.text)
    CAN2_SCE_IRQHandler                      0x080001b7   Thumb Code     0  startup_stm32f40_41xxx.o(.text)
    CAN2_TX_IRQHandler                       0x080001b7   Thumb Code     0  startup_stm32f40_41xxx.o(.text)
    CRYP_IRQHandler                          0x080001b7   Thumb Code     0  startup_stm32f40_41xxx.o(.text)
    DCMI_IRQHandler                          0x080001b7   Thumb Code     0  startup_stm32f40_41xxx.o(.text)
    DMA1_Stream0_IRQHandler                  0x080001b7   Thumb Code     0  startup_stm32f40_41xxx.o(.text)
    DMA1_Stream1_IRQHandler                  0x080001b7   Thumb Code     0  startup_stm32f40_41xxx.o(.text)
    DMA1_Stream2_IRQHandler                  0x080001b7   Thumb Code     0  startup_stm32f40_41xxx.o(.text)
    DMA1_Stream3_IRQHandler                  0x080001b7   Thumb Code     0  startup_stm32f40_41xxx.o(.text)
    DMA1_Stream4_IRQHandler                  0x080001b7   Thumb Code     0  startup_stm32f40_41xxx.o(.text)
    DMA1_Stream5_IRQHandler                  0x080001b7   Thumb Code     0  startup_stm32f40_41xxx.o(.text)
    DMA1_Stream6_IRQHandler                  0x080001b7   Thumb Code     0  startup_stm32f40_41xxx.o(.text)
    DMA1_Stream7_IRQHandler                  0x080001b7   Thumb Code     0  startup_stm32f40_41xxx.o(.text)
    DMA2_Stream0_IRQHandler                  0x080001b7   Thumb Code     0  startup_stm32f40_41xxx.o(.text)
    DMA2_Stream1_IRQHandler                  0x080001b7   Thumb Code     0  startup_stm32f40_41xxx.o(.text)
    DMA2_Stream2_IRQHandler                  0x080001b7   Thumb Code     0  startup_stm32f40_41xxx.o(.text)
    DMA2_Stream3_IRQHandler                  0x080001b7   Thumb Code     0  startup_stm32f40_41xxx.o(.text)
    DMA2_Stream4_IRQHandler                  0x080001b7   Thumb Code     0  startup_stm32f40_41xxx.o(.text)
    DMA2_Stream5_IRQHandler                  0x080001b7   Thumb Code     0  startup_stm32f40_41xxx.o(.text)
    DMA2_Stream6_IRQHandler                  0x080001b7   Thumb Code     0  startup_stm32f40_41xxx.o(.text)
    DMA2_Stream7_IRQHandler                  0x080001b7   Thumb Code     0  startup_stm32f40_41xxx.o(.text)
    ETH_IRQHandler                           0x080001b7   Thumb Code     0  startup_stm32f40_41xxx.o(.text)
    ETH_WKUP_IRQHandler                      0x080001b7   Thumb Code     0  startup_stm32f40_41xxx.o(.text)
    EXTI0_IRQHandler                         0x080001b7   Thumb Code     0  startup_stm32f40_41xxx.o(.text)
    EXTI15_10_IRQHandler                     0x080001b7   Thumb Code     0  startup_stm32f40_41xxx.o(.text)
    EXTI1_IRQHandler                         0x080001b7   Thumb Code     0  startup_stm32f40_41xxx.o(.text)
    EXTI2_IRQHandler                         0x080001b7   Thumb Code     0  startup_stm32f40_41xxx.o(.text)
    EXTI3_IRQHandler                         0x080001b7   Thumb Code     0  startup_stm32f40_41xxx.o(.text)
    EXTI4_IRQHandler                         0x080001b7   Thumb Code     0  startup_stm32f40_41xxx.o(.text)
    EXTI9_5_IRQHandler                       0x080001b7   Thumb Code     0  startup_stm32f40_41xxx.o(.text)
    FLASH_IRQHandler                         0x080001b7   Thumb Code     0  startup_stm32f40_41xxx.o(.text)
    FPU_IRQHandler                           0x080001b7   Thumb Code     0  startup_stm32f40_41xxx.o(.text)
    FSMC_IRQHandler                          0x080001b7   Thumb Code     0  startup_stm32f40_41xxx.o(.text)
    HASH_RNG_IRQHandler                      0x080001b7   Thumb Code     0  startup_stm32f40_41xxx.o(.text)
    I2C1_ER_IRQHandler                       0x080001b7   Thumb Code     0  startup_stm32f40_41xxx.o(.text)
    I2C1_EV_IRQHandler                       0x080001b7   Thumb Code     0  startup_stm32f40_41xxx.o(.text)
    I2C2_ER_IRQHandler                       0x080001b7   Thumb Code     0  startup_stm32f40_41xxx.o(.text)
    I2C2_EV_IRQHandler                       0x080001b7   Thumb Code     0  startup_stm32f40_41xxx.o(.text)
    I2C3_ER_IRQHandler                       0x080001b7   Thumb Code     0  startup_stm32f40_41xxx.o(.text)
    I2C3_EV_IRQHandler                       0x080001b7   Thumb Code     0  startup_stm32f40_41xxx.o(.text)
    OTG_FS_IRQHandler                        0x080001b7   Thumb Code     0  startup_stm32f40_41xxx.o(.text)
    OTG_FS_WKUP_IRQHandler                   0x080001b7   Thumb Code     0  startup_stm32f40_41xxx.o(.text)
    OTG_HS_EP1_IN_IRQHandler                 0x080001b7   Thumb Code     0  startup_stm32f40_41xxx.o(.text)
    OTG_HS_EP1_OUT_IRQHandler                0x080001b7   Thumb Code     0  startup_stm32f40_41xxx.o(.text)
    OTG_HS_IRQHandler                        0x080001b7   Thumb Code     0  startup_stm32f40_41xxx.o(.text)
    OTG_HS_WKUP_IRQHandler                   0x080001b7   Thumb Code     0  startup_stm32f40_41xxx.o(.text)
    PVD_IRQHandler                           0x080001b7   Thumb Code     0  startup_stm32f40_41xxx.o(.text)
    RCC_IRQHandler                           0x080001b7   Thumb Code     0  startup_stm32f40_41xxx.o(.text)
    RTC_Alarm_IRQHandler                     0x080001b7   Thumb Code     0  startup_stm32f40_41xxx.o(.text)
    RTC_WKUP_IRQHandler                      0x080001b7   Thumb Code     0  startup_stm32f40_41xxx.o(.text)
    SDIO_IRQHandler                          0x080001b7   Thumb Code     0  startup_stm32f40_41xxx.o(.text)
    SPI1_IRQHandler                          0x080001b7   Thumb Code     0  startup_stm32f40_41xxx.o(.text)
    SPI2_IRQHandler                          0x080001b7   Thumb Code     0  startup_stm32f40_41xxx.o(.text)
    SPI3_IRQHandler                          0x080001b7   Thumb Code     0  startup_stm32f40_41xxx.o(.text)
    TAMP_STAMP_IRQHandler                    0x080001b7   Thumb Code     0  startup_stm32f40_41xxx.o(.text)
    TIM1_BRK_TIM9_IRQHandler                 0x080001b7   Thumb Code     0  startup_stm32f40_41xxx.o(.text)
    TIM1_CC_IRQHandler                       0x080001b7   Thumb Code     0  startup_stm32f40_41xxx.o(.text)
    TIM1_TRG_COM_TIM11_IRQHandler            0x080001b7   Thumb Code     0  startup_stm32f40_41xxx.o(.text)
    TIM1_UP_TIM10_IRQHandler                 0x080001b7   Thumb Code     0  startup_stm32f40_41xxx.o(.text)
    TIM6_DAC_IRQHandler                      0x080001b7   Thumb Code     0  startup_stm32f40_41xxx.o(.text)
    TIM7_IRQHandler                          0x080001b7   Thumb Code     0  startup_stm32f40_41xxx.o(.text)
    TIM8_BRK_TIM12_IRQHandler                0x080001b7   Thumb Code     0  startup_stm32f40_41xxx.o(.text)
    TIM8_CC_IRQHandler                       0x080001b7   Thumb Code     0  startup_stm32f40_41xxx.o(.text)
    TIM8_TRG_COM_TIM14_IRQHandler            0x080001b7   Thumb Code     0  startup_stm32f40_41xxx.o(.text)
    UART4_IRQHandler                         0x080001b7   Thumb Code     0  startup_stm32f40_41xxx.o(.text)
    UART5_IRQHandler                         0x080001b7   Thumb Code     0  startup_stm32f40_41xxx.o(.text)
    USART2_IRQHandler                        0x080001b7   Thumb Code     0  startup_stm32f40_41xxx.o(.text)
    USART3_IRQHandler                        0x080001b7   Thumb Code     0  startup_stm32f40_41xxx.o(.text)
    USART6_IRQHandler                        0x080001b7   Thumb Code     0  startup_stm32f40_41xxx.o(.text)
    WWDG_IRQHandler                          0x080001b7   Thumb Code     0  startup_stm32f40_41xxx.o(.text)
    __aeabi_uidiv                            0x080001c1   Thumb Code     0  uidiv.o(.text)
    __aeabi_uidivmod                         0x080001c1   Thumb Code    44  uidiv.o(.text)
    __aeabi_uldivmod                         0x080001ed   Thumb Code    98  uldiv.o(.text)
    __I$use$fp                               0x0800024f   Thumb Code     0  iusefp.o(.text)
    __aeabi_dadd                             0x0800024f   Thumb Code   322  dadd.o(.text)
    __aeabi_dsub                             0x08000391   Thumb Code     6  dadd.o(.text)
    __aeabi_drsub                            0x08000397   Thumb Code     6  dadd.o(.text)
    __aeabi_dmul                             0x0800039d   Thumb Code   228  dmul.o(.text)
    __aeabi_ddiv                             0x08000481   Thumb Code   222  ddiv.o(.text)
    __aeabi_d2ulz                            0x0800055f   Thumb Code    48  dfixul.o(.text)
    __aeabi_cdrcmple                         0x08000591   Thumb Code    48  cdrcmple.o(.text)
    __scatterload                            0x080005c1   Thumb Code    28  init.o(.text)
    __scatterload_rt2                        0x080005c1   Thumb Code     0  init.o(.text)
    __aeabi_llsl                             0x080005e5   Thumb Code    30  llshl.o(.text)
    _ll_shift_l                              0x080005e5   Thumb Code     0  llshl.o(.text)
    __aeabi_llsr                             0x08000603   Thumb Code    32  llushr.o(.text)
    _ll_ushift_r                             0x08000603   Thumb Code     0  llushr.o(.text)
    __aeabi_lasr                             0x08000623   Thumb Code    36  llsshr.o(.text)
    _ll_sshift_r                             0x08000623   Thumb Code     0  llsshr.o(.text)
    _double_round                            0x08000647   Thumb Code    30  depilogue.o(.text)
    _double_epilogue                         0x08000665   Thumb Code   156  depilogue.o(.text)
    BusFault_Handler                         0x08000701   Thumb Code     4  stm32f4xx_it.o(i.BusFault_Handler)
    Conveyor_GetPWM                          0x08000705   Thumb Code    38  swic.o(i.Conveyor_GetPWM)
    Conveyor_SetPWM                          0x0800072d   Thumb Code    14  swic.o(i.Conveyor_SetPWM)
    Conveyor_Start                           0x08000741   Thumb Code    14  swic.o(i.Conveyor_Start)
    Conveyor_Stop                            0x08000755   Thumb Code    14  swic.o(i.Conveyor_Stop)
    DebugMon_Handler                         0x08000769   Thumb Code     2  stm32f4xx_it.o(i.DebugMon_Handler)
    GPIO_Init                                0x0800076b   Thumb Code   144  stm32f4xx_gpio.o(i.GPIO_Init)
    GPIO_PinAFConfig                         0x080007fb   Thumb Code    70  stm32f4xx_gpio.o(i.GPIO_PinAFConfig)
    GPIO_ReadOutputDataBit                   0x08000841   Thumb Code    18  stm32f4xx_gpio.o(i.GPIO_ReadOutputDataBit)
    GPIO_ResetBits                           0x08000853   Thumb Code     4  stm32f4xx_gpio.o(i.GPIO_ResetBits)
    GPIO_SetBits                             0x08000857   Thumb Code     4  stm32f4xx_gpio.o(i.GPIO_SetBits)
    HardFault_Handler                        0x0800085b   Thumb Code     4  stm32f4xx_it.o(i.HardFault_Handler)
    LED_Init                                 0x08000861   Thumb Code    54  led.o(i.LED_Init)
    LED_Turn                                 0x0800089d   Thumb Code    38  led.o(i.LED_Turn)
    MemManage_Handler                        0x080008c9   Thumb Code     4  stm32f4xx_it.o(i.MemManage_Handler)
    MotorLeft_GetRemotePWM                   0x080008cd   Thumb Code   108  motor.o(i.MotorLeft_GetRemotePWM)
    MotorLeft_SetPWM                         0x08000939   Thumb Code    32  motor.o(i.MotorLeft_SetPWM)
    MotorRight_GetRemotePWM                  0x0800095d   Thumb Code   106  motor.o(i.MotorRight_GetRemotePWM)
    MotorRight_SetPWM                        0x080009c9   Thumb Code    32  motor.o(i.MotorRight_SetPWM)
    MotorX_GetRemoteOriPWM                   0x080009ed   Thumb Code    14  motor.o(i.MotorX_GetRemoteOriPWM)
    MotorY_GetRemoteOriPWM                   0x080009fb   Thumb Code    14  motor.o(i.MotorY_GetRemoteOriPWM)
    Motor_Init                               0x08000a09   Thumb Code    12  motor.o(i.Motor_Init)
    Motor_Start                              0x08000a15   Thumb Code    24  motor.o(i.Motor_Start)
    Motor_Stop                               0x08000a31   Thumb Code    36  motor.o(i.Motor_Stop)
    NMI_Handler                              0x08000a59   Thumb Code     2  stm32f4xx_it.o(i.NMI_Handler)
    NVIC_Init                                0x08000a5d   Thumb Code   106  misc.o(i.NVIC_Init)
    NVIC_PriorityGroupConfig                 0x08000ad5   Thumb Code    10  misc.o(i.NVIC_PriorityGroupConfig)
    PendSV_Handler                           0x08000ae9   Thumb Code     2  stm32f4xx_it.o(i.PendSV_Handler)
    Pump_SetPWM                              0x08000aed   Thumb Code    14  swic.o(i.Pump_SetPWM)
    Pump_Start                               0x08000b01   Thumb Code    14  swic.o(i.Pump_Start)
    Pump_Stop                                0x08000b15   Thumb Code    14  swic.o(i.Pump_Stop)
    PushrodLeft_SetPWM                       0x08000b29   Thumb Code    14  pushrod.o(i.PushrodLeft_SetPWM)
    PushrodRight_SetPWM                      0x08000b3d   Thumb Code    14  pushrod.o(i.PushrodRight_SetPWM)
    Pushrod_GetRemoteOriPWM                  0x08000b51   Thumb Code    26  pushrod.o(i.Pushrod_GetRemoteOriPWM)
    Pushrod_GetRemotePWM                     0x08000b71   Thumb Code    12  pushrod.o(i.Pushrod_GetRemotePWM)
    Pushrod_Init                             0x08000b7d   Thumb Code    12  pushrod.o(i.Pushrod_Init)
    Pushrod_Start                            0x08000b89   Thumb Code    24  pushrod.o(i.Pushrod_Start)
    Pushrod_Stop                             0x08000ba5   Thumb Code    24  pushrod.o(i.Pushrod_Stop)
    RCC_AHB1PeriphClockCmd                   0x08000bc1   Thumb Code    26  stm32f4xx_rcc.o(i.RCC_AHB1PeriphClockCmd)
    RCC_APB1PeriphClockCmd                   0x08000be1   Thumb Code    26  stm32f4xx_rcc.o(i.RCC_APB1PeriphClockCmd)
    RCC_APB2PeriphClockCmd                   0x08000c01   Thumb Code    26  stm32f4xx_rcc.o(i.RCC_APB2PeriphClockCmd)
    RCC_GetClocksFreq                        0x08000c21   Thumb Code   214  stm32f4xx_rcc.o(i.RCC_GetClocksFreq)
    SVC_Handler                              0x08000d09   Thumb Code     2  stm32f4xx_it.o(i.SVC_Handler)
    SWIC1_GetRemoteOriPWM                    0x08000d0d   Thumb Code    10  swic.o(i.SWIC1_GetRemoteOriPWM)
    SWIC2_GetRemoteOriPWM                    0x08000d1d   Thumb Code    10  swic.o(i.SWIC2_GetRemoteOriPWM)
    SWIC3_GetRemoteOriPWM                    0x08000d2d   Thumb Code    10  swic.o(i.SWIC3_GetRemoteOriPWM)
    SWIC4_GetRemoteOriPWM                    0x08000d3d   Thumb Code    10  swic.o(i.SWIC4_GetRemoteOriPWM)
    SWIC_GetRemoteState                      0x08000d4d   Thumb Code    74  swic.o(i.SWIC_GetRemoteState)
    SWIC_Init                                0x08000da9   Thumb Code    12  swic.o(i.SWIC_Init)
    ServoLeft_SetPWM                         0x08000db5   Thumb Code    30  servo.o(i.ServoLeft_SetPWM)
    ServoRight_SetPWM                        0x08000dd9   Thumb Code    30  servo.o(i.ServoRight_SetPWM)
    Servo_GetRemoteOriPWM                    0x08000dfd   Thumb Code    10  servo.o(i.Servo_GetRemoteOriPWM)
    Servo_GetRemotePWM                       0x08000e0d   Thumb Code    70  servo.o(i.Servo_GetRemotePWM)
    Servo_Init                               0x08000e5d   Thumb Code    12  servo.o(i.Servo_Init)
    Servo_Reset                              0x08000e69   Thumb Code    24  servo.o(i.Servo_Reset)
    Servo_Start                              0x08000e85   Thumb Code    24  servo.o(i.Servo_Start)
    SysTick_Handler                          0x08000f8d   Thumb Code     2  stm32f4xx_it.o(i.SysTick_Handler)
    SystemInit                               0x08000f91   Thumb Code    88  system_stm32f4xx.o(i.SystemInit)
    TIM1_Init                                0x0800111d   Thumb Code   280  tim1.o(i.TIM1_Init)
    TIM2_IRQHandler                          0x08001241   Thumb Code    32  tim2.o(i.TIM2_IRQHandler)
    TIM2_Init                                0x08001261   Thumb Code   340  tim2.o(i.TIM2_Init)
    TIM3_IRQHandler                          0x080013bd   Thumb Code    30  tim3.o(i.TIM3_IRQHandler)
    TIM3_Init                                0x080013e1   Thumb Code   310  tim3.o(i.TIM3_Init)
    TIM4_IRQHandler                          0x08001521   Thumb Code    30  tim4.o(i.TIM4_IRQHandler)
    TIM4_Init                                0x08001545   Thumb Code   312  tim4.o(i.TIM4_Init)
    TIM5_IRQHandler                          0x08001685   Thumb Code    30  tim5.o(i.TIM5_IRQHandler)
    TIM5_Init                                0x080016a9   Thumb Code   308  tim5.o(i.TIM5_Init)
    TIM8_Init                                0x080017e5   Thumb Code   282  tim8.o(i.TIM8_Init)
    TIM8_UP_TIM13_IRQHandler                 0x08001909   Thumb Code    48  tim8.o(i.TIM8_UP_TIM13_IRQHandler)
    TIM_ARRPreloadConfig                     0x08001941   Thumb Code    24  stm32f4xx_tim.o(i.TIM_ARRPreloadConfig)
    TIM_CCxCmd                               0x08001959   Thumb Code    30  stm32f4xx_tim.o(i.TIM_CCxCmd)
    TIM_ClearFlag                            0x08001977   Thumb Code     6  stm32f4xx_tim.o(i.TIM_ClearFlag)
    TIM_Cmd                                  0x0800197d   Thumb Code    24  stm32f4xx_tim.o(i.TIM_Cmd)
    TIM_CtrlPWMOutputs                       0x08001995   Thumb Code    30  stm32f4xx_tim.o(i.TIM_CtrlPWMOutputs)
    TIM_GetCapture2                          0x080019b3   Thumb Code     6  stm32f4xx_tim.o(i.TIM_GetCapture2)
    TIM_GetCapture4                          0x080019b9   Thumb Code     6  stm32f4xx_tim.o(i.TIM_GetCapture4)
    TIM_GetFlagStatus                        0x080019bf   Thumb Code    18  stm32f4xx_tim.o(i.TIM_GetFlagStatus)
    TIM_ICInit                               0x080019d1   Thumb Code   110  stm32f4xx_tim.o(i.TIM_ICInit)
    TIM_ITConfig                             0x08001a3f   Thumb Code    18  stm32f4xx_tim.o(i.TIM_ITConfig)
    TIM_InternalClockConfig                  0x08001a51   Thumb Code    12  stm32f4xx_tim.o(i.TIM_InternalClockConfig)
    TIM_OC1Init                              0x08001a5d   Thumb Code   114  stm32f4xx_tim.o(i.TIM_OC1Init)
    TIM_OC1PreloadConfig                     0x08001ad9   Thumb Code    18  stm32f4xx_tim.o(i.TIM_OC1PreloadConfig)
    TIM_OC2Init                              0x08001aed   Thumb Code   154  stm32f4xx_tim.o(i.TIM_OC2Init)
    TIM_OC2PreloadConfig                     0x08001b91   Thumb Code    26  stm32f4xx_tim.o(i.TIM_OC2PreloadConfig)
    TIM_OC3Init                              0x08001bad   Thumb Code   150  stm32f4xx_tim.o(i.TIM_OC3Init)
    TIM_OC3PreloadConfig                     0x08001c4d   Thumb Code    18  stm32f4xx_tim.o(i.TIM_OC3PreloadConfig)
    TIM_OC4Init                              0x08001c61   Thumb Code   112  stm32f4xx_tim.o(i.TIM_OC4Init)
    TIM_OC4PreloadConfig                     0x08001cd9   Thumb Code    26  stm32f4xx_tim.o(i.TIM_OC4PreloadConfig)
    TIM_PWMIConfig                           0x08001cf3   Thumb Code   124  stm32f4xx_tim.o(i.TIM_PWMIConfig)
    TIM_SelectInputTrigger                   0x08001d6f   Thumb Code    18  stm32f4xx_tim.o(i.TIM_SelectInputTrigger)
    TIM_SelectSlaveMode                      0x08001d81   Thumb Code    18  stm32f4xx_tim.o(i.TIM_SelectSlaveMode)
    TIM_SetCompare1                          0x08001d93   Thumb Code     4  stm32f4xx_tim.o(i.TIM_SetCompare1)
    TIM_SetCompare2                          0x08001d97   Thumb Code     4  stm32f4xx_tim.o(i.TIM_SetCompare2)
    TIM_SetCompare3                          0x08001d9b   Thumb Code     4  stm32f4xx_tim.o(i.TIM_SetCompare3)
    TIM_SetCompare4                          0x08001d9f   Thumb Code     4  stm32f4xx_tim.o(i.TIM_SetCompare4)
    TIM_SetCounter                           0x08001da3   Thumb Code     4  stm32f4xx_tim.o(i.TIM_SetCounter)
    TIM_SetIC1Prescaler                      0x08001da7   Thumb Code    18  stm32f4xx_tim.o(i.TIM_SetIC1Prescaler)
    TIM_SetIC2Prescaler                      0x08001db9   Thumb Code    26  stm32f4xx_tim.o(i.TIM_SetIC2Prescaler)
    TIM_SetIC3Prescaler                      0x08001dd3   Thumb Code    18  stm32f4xx_tim.o(i.TIM_SetIC3Prescaler)
    TIM_SetIC4Prescaler                      0x08001de5   Thumb Code    26  stm32f4xx_tim.o(i.TIM_SetIC4Prescaler)
    TIM_TimeBaseInit                         0x08001e01   Thumb Code   104  stm32f4xx_tim.o(i.TIM_TimeBaseInit)
    USART1_Config                            0x08001e85   Thumb Code   186  usart1.o(i.USART1_Config)
    USART1_IRQHandler                        0x08001f49   Thumb Code    58  usart1.o(i.USART1_IRQHandler)
    USART_ClearFlag                          0x08001f8d   Thumb Code    18  stm32f4xx_usart.o(i.USART_ClearFlag)
    USART_ClearITPendingBit                  0x08001f9f   Thumb Code    30  stm32f4xx_usart.o(i.USART_ClearITPendingBit)
    USART_Cmd                                0x08001fbd   Thumb Code    24  stm32f4xx_usart.o(i.USART_Cmd)
    USART_GetFlagStatus                      0x08001fd5   Thumb Code    26  stm32f4xx_usart.o(i.USART_GetFlagStatus)
    USART_ITConfig                           0x08001fef   Thumb Code    74  stm32f4xx_usart.o(i.USART_ITConfig)
    USART_Init                               0x08002039   Thumb Code   204  stm32f4xx_usart.o(i.USART_Init)
    USART_ReceiveData                        0x0800210d   Thumb Code    10  stm32f4xx_usart.o(i.USART_ReceiveData)
    USART_SendData                           0x08002117   Thumb Code     8  stm32f4xx_usart.o(i.USART_SendData)
    UsageFault_Handler                       0x0800211f   Thumb Code     4  stm32f4xx_it.o(i.UsageFault_Handler)
    __0printf                                0x08002125   Thumb Code    22  printfa.o(i.__0printf)
    __1printf                                0x08002125   Thumb Code     0  printfa.o(i.__0printf)
    __2printf                                0x08002125   Thumb Code     0  printfa.o(i.__0printf)
    __c89printf                              0x08002125   Thumb Code     0  printfa.o(i.__0printf)
    printf                                   0x08002125   Thumb Code     0  printfa.o(i.__0printf)
    __scatterload_copy                       0x08002145   Thumb Code    14  handlers.o(i.__scatterload_copy)
    __scatterload_null                       0x08002153   Thumb Code     2  handlers.o(i.__scatterload_null)
    __scatterload_zeroinit                   0x08002155   Thumb Code    14  handlers.o(i.__scatterload_zeroinit)
    fputc                                    0x08002a19   Thumb Code    32  usart1.o(i.fputc)
    main                                     0x08002a3d   Thumb Code   296  main.o(i.main)
    test                                     0x08002b65   Thumb Code    36  main.o(i.test)
    test2                                    0x08002b99   Thumb Code     2  main.o(i.test2)
    Region$$Table$$Base                      0x08002b9c   Number         0  anon$$obj.o(Region$$Table)
    Region$$Table$$Limit                     0x08002bbc   Number         0  anon$$obj.o(Region$$Table)
    Data                                     0x20000010   Data           2  usart1.o(.data)
    __stdout                                 0x20000018   Data           4  stdout.o(.data)
    __initial_sp                             0x20000420   Data           0  startup_stm32f40_41xxx.o(STACK)



==============================================================================

Memory Map of the image

  Image Entry point : 0x0800019d

  Load Region LR_1 (Base: 0x08000000, Size: 0x00002bd8, Max: 0xffffffff, ABSOLUTE)

    Execution Region ER_RO (Exec base: 0x08000000, Load base: 0x08000000, Size: 0x00002bbc, Max: 0xffffffff, ABSOLUTE)

    Exec Addr    Load Addr    Size         Type   Attr      Idx    E Section Name        Object

    0x08000000   0x08000000   0x00000188   Data   RO            3    RESET               startup_stm32f40_41xxx.o
    0x08000188   0x08000188   0x00000000   Code   RO         5791  * .ARM.Collect$$$$00000000  mc_w.l(entry.o)
    0x08000188   0x08000188   0x00000004   Code   RO         6057    .ARM.Collect$$$$00000001  mc_w.l(entry2.o)
    0x0800018c   0x0800018c   0x00000004   Code   RO         6060    .ARM.Collect$$$$00000004  mc_w.l(entry5.o)
    0x08000190   0x08000190   0x00000000   Code   RO         6062    .ARM.Collect$$$$00000008  mc_w.l(entry7b.o)
    0x08000190   0x08000190   0x00000000   Code   RO         6064    .ARM.Collect$$$$0000000A  mc_w.l(entry8b.o)
    0x08000190   0x08000190   0x00000008   Code   RO         6065    .ARM.Collect$$$$0000000B  mc_w.l(entry9a.o)
    0x08000198   0x08000198   0x00000000   Code   RO         6067    .ARM.Collect$$$$0000000D  mc_w.l(entry10a.o)
    0x08000198   0x08000198   0x00000000   Code   RO         6069    .ARM.Collect$$$$0000000F  mc_w.l(entry11a.o)
    0x08000198   0x08000198   0x00000004   Code   RO         6058    .ARM.Collect$$$$00002712  mc_w.l(entry2.o)
    0x0800019c   0x0800019c   0x00000024   Code   RO            4  * .text               startup_stm32f40_41xxx.o
    0x080001c0   0x080001c0   0x0000002c   Code   RO         6072    .text               mc_w.l(uidiv.o)
    0x080001ec   0x080001ec   0x00000062   Code   RO         6074    .text               mc_w.l(uldiv.o)
    0x0800024e   0x0800024e   0x00000000   Code   RO         6076    .text               mc_w.l(iusefp.o)
    0x0800024e   0x0800024e   0x0000014e   Code   RO         6077    .text               mf_w.l(dadd.o)
    0x0800039c   0x0800039c   0x000000e4   Code   RO         6079    .text               mf_w.l(dmul.o)
    0x08000480   0x08000480   0x000000de   Code   RO         6081    .text               mf_w.l(ddiv.o)
    0x0800055e   0x0800055e   0x00000030   Code   RO         6083    .text               mf_w.l(dfixul.o)
    0x0800058e   0x0800058e   0x00000002   PAD
    0x08000590   0x08000590   0x00000030   Code   RO         6085    .text               mf_w.l(cdrcmple.o)
    0x080005c0   0x080005c0   0x00000024   Code   RO         6087    .text               mc_w.l(init.o)
    0x080005e4   0x080005e4   0x0000001e   Code   RO         6089    .text               mc_w.l(llshl.o)
    0x08000602   0x08000602   0x00000020   Code   RO         6091    .text               mc_w.l(llushr.o)
    0x08000622   0x08000622   0x00000024   Code   RO         6093    .text               mc_w.l(llsshr.o)
    0x08000646   0x08000646   0x000000ba   Code   RO         6095    .text               mf_w.l(depilogue.o)
    0x08000700   0x08000700   0x00000004   Code   RO         5722    i.BusFault_Handler  stm32f4xx_it.o
    0x08000704   0x08000704   0x00000026   Code   RO         5561    i.Conveyor_GetPWM   swic.o
    0x0800072a   0x0800072a   0x00000002   PAD
    0x0800072c   0x0800072c   0x00000014   Code   RO         5562    i.Conveyor_SetPWM   swic.o
    0x08000740   0x08000740   0x00000014   Code   RO         5563    i.Conveyor_Start    swic.o
    0x08000754   0x08000754   0x00000014   Code   RO         5564    i.Conveyor_Stop     swic.o
    0x08000768   0x08000768   0x00000002   Code   RO         5723    i.DebugMon_Handler  stm32f4xx_it.o
    0x0800076a   0x0800076a   0x00000090   Code   RO         1899    i.GPIO_Init         stm32f4xx_gpio.o
    0x080007fa   0x080007fa   0x00000046   Code   RO         1900    i.GPIO_PinAFConfig  stm32f4xx_gpio.o
    0x08000840   0x08000840   0x00000012   Code   RO         1905    i.GPIO_ReadOutputDataBit  stm32f4xx_gpio.o
    0x08000852   0x08000852   0x00000004   Code   RO         1906    i.GPIO_ResetBits    stm32f4xx_gpio.o
    0x08000856   0x08000856   0x00000004   Code   RO         1907    i.GPIO_SetBits      stm32f4xx_gpio.o
    0x0800085a   0x0800085a   0x00000004   Code   RO         5724    i.HardFault_Handler  stm32f4xx_it.o
    0x0800085e   0x0800085e   0x00000002   PAD
    0x08000860   0x08000860   0x0000003c   Code   RO         5170    i.LED_Init          led.o
    0x0800089c   0x0800089c   0x0000002c   Code   RO         5173    i.LED_Turn          led.o
    0x080008c8   0x080008c8   0x00000004   Code   RO         5725    i.MemManage_Handler  stm32f4xx_it.o
    0x080008cc   0x080008cc   0x0000006c   Code   RO         5425    i.MotorLeft_GetRemotePWM  motor.o
    0x08000938   0x08000938   0x00000024   Code   RO         5426    i.MotorLeft_SetPWM  motor.o
    0x0800095c   0x0800095c   0x0000006a   Code   RO         5427    i.MotorRight_GetRemotePWM  motor.o
    0x080009c6   0x080009c6   0x00000002   PAD
    0x080009c8   0x080009c8   0x00000024   Code   RO         5428    i.MotorRight_SetPWM  motor.o
    0x080009ec   0x080009ec   0x0000000e   Code   RO         5429    i.MotorX_GetRemoteOriPWM  motor.o
    0x080009fa   0x080009fa   0x0000000e   Code   RO         5430    i.MotorY_GetRemoteOriPWM  motor.o
    0x08000a08   0x08000a08   0x0000000c   Code   RO         5431    i.Motor_Init        motor.o
    0x08000a14   0x08000a14   0x0000001c   Code   RO         5432    i.Motor_Start       motor.o
    0x08000a30   0x08000a30   0x00000028   Code   RO         5433    i.Motor_Stop        motor.o
    0x08000a58   0x08000a58   0x00000002   Code   RO         5726    i.NMI_Handler       stm32f4xx_it.o
    0x08000a5a   0x08000a5a   0x00000002   PAD
    0x08000a5c   0x08000a5c   0x00000078   Code   RO          150    i.NVIC_Init         misc.o
    0x08000ad4   0x08000ad4   0x00000014   Code   RO          151    i.NVIC_PriorityGroupConfig  misc.o
    0x08000ae8   0x08000ae8   0x00000002   Code   RO         5727    i.PendSV_Handler    stm32f4xx_it.o
    0x08000aea   0x08000aea   0x00000002   PAD
    0x08000aec   0x08000aec   0x00000014   Code   RO         5566    i.Pump_SetPWM       swic.o
    0x08000b00   0x08000b00   0x00000014   Code   RO         5567    i.Pump_Start        swic.o
    0x08000b14   0x08000b14   0x00000014   Code   RO         5568    i.Pump_Stop         swic.o
    0x08000b28   0x08000b28   0x00000014   Code   RO         5499    i.PushrodLeft_SetPWM  pushrod.o
    0x08000b3c   0x08000b3c   0x00000014   Code   RO         5500    i.PushrodRight_SetPWM  pushrod.o
    0x08000b50   0x08000b50   0x00000020   Code   RO         5501    i.Pushrod_GetRemoteOriPWM  pushrod.o
    0x08000b70   0x08000b70   0x0000000c   Code   RO         5502    i.Pushrod_GetRemotePWM  pushrod.o
    0x08000b7c   0x08000b7c   0x0000000c   Code   RO         5503    i.Pushrod_Init      pushrod.o
    0x08000b88   0x08000b88   0x0000001c   Code   RO         5504    i.Pushrod_Start     pushrod.o
    0x08000ba4   0x08000ba4   0x0000001c   Code   RO         5505    i.Pushrod_Stop      pushrod.o
    0x08000bc0   0x08000bc0   0x00000020   Code   RO         2763    i.RCC_AHB1PeriphClockCmd  stm32f4xx_rcc.o
    0x08000be0   0x08000be0   0x00000020   Code   RO         2772    i.RCC_APB1PeriphClockCmd  stm32f4xx_rcc.o
    0x08000c00   0x08000c00   0x00000020   Code   RO         2775    i.RCC_APB2PeriphClockCmd  stm32f4xx_rcc.o
    0x08000c20   0x08000c20   0x000000e8   Code   RO         2784    i.RCC_GetClocksFreq  stm32f4xx_rcc.o
    0x08000d08   0x08000d08   0x00000002   Code   RO         5728    i.SVC_Handler       stm32f4xx_it.o
    0x08000d0a   0x08000d0a   0x00000002   PAD
    0x08000d0c   0x08000d0c   0x00000010   Code   RO         5569    i.SWIC1_GetRemoteOriPWM  swic.o
    0x08000d1c   0x08000d1c   0x00000010   Code   RO         5570    i.SWIC2_GetRemoteOriPWM  swic.o
    0x08000d2c   0x08000d2c   0x00000010   Code   RO         5571    i.SWIC3_GetRemoteOriPWM  swic.o
    0x08000d3c   0x08000d3c   0x00000010   Code   RO         5572    i.SWIC4_GetRemoteOriPWM  swic.o
    0x08000d4c   0x08000d4c   0x0000005c   Code   RO         5573    i.SWIC_GetRemoteState  swic.o
    0x08000da8   0x08000da8   0x0000000c   Code   RO         5574    i.SWIC_Init         swic.o
    0x08000db4   0x08000db4   0x00000024   Code   RO         5340    i.ServoLeft_SetPWM  servo.o
    0x08000dd8   0x08000dd8   0x00000024   Code   RO         5341    i.ServoRight_SetPWM  servo.o
    0x08000dfc   0x08000dfc   0x00000010   Code   RO         5342    i.Servo_GetRemoteOriPWM  servo.o
    0x08000e0c   0x08000e0c   0x00000050   Code   RO         5343    i.Servo_GetRemotePWM  servo.o
    0x08000e5c   0x08000e5c   0x0000000c   Code   RO         5344    i.Servo_Init        servo.o
    0x08000e68   0x08000e68   0x0000001c   Code   RO         5345    i.Servo_Reset       servo.o
    0x08000e84   0x08000e84   0x0000001c   Code   RO         5346    i.Servo_Start       servo.o
    0x08000ea0   0x08000ea0   0x000000ec   Code   RO           12    i.SetSysClock       system_stm32f4xx.o
    0x08000f8c   0x08000f8c   0x00000002   Code   RO         5729    i.SysTick_Handler   stm32f4xx_it.o
    0x08000f8e   0x08000f8e   0x00000002   PAD
    0x08000f90   0x08000f90   0x00000068   Code   RO           14    i.SystemInit        system_stm32f4xx.o
    0x08000ff8   0x08000ff8   0x0000003a   Code   RO         4094    i.TI1_Config        stm32f4xx_tim.o
    0x08001032   0x08001032   0x00000050   Code   RO         4095    i.TI2_Config        stm32f4xx_tim.o
    0x08001082   0x08001082   0x00000048   Code   RO         4096    i.TI3_Config        stm32f4xx_tim.o
    0x080010ca   0x080010ca   0x00000050   Code   RO         4097    i.TI4_Config        stm32f4xx_tim.o
    0x0800111a   0x0800111a   0x00000002   PAD
    0x0800111c   0x0800111c   0x00000124   Code   RO         5117    i.TIM1_Init         tim1.o
    0x08001240   0x08001240   0x00000020   Code   RO         4938    i.TIM2_IRQHandler   tim2.o
    0x08001260   0x08001260   0x0000015c   Code   RO         4939    i.TIM2_Init         tim2.o
    0x080013bc   0x080013bc   0x00000024   Code   RO         5030    i.TIM3_IRQHandler   tim3.o
    0x080013e0   0x080013e0   0x00000140   Code   RO         5031    i.TIM3_Init         tim3.o
    0x08001520   0x08001520   0x00000024   Code   RO         5088    i.TIM4_IRQHandler   tim4.o
    0x08001544   0x08001544   0x00000140   Code   RO         5089    i.TIM4_Init         tim4.o
    0x08001684   0x08001684   0x00000024   Code   RO         5059    i.TIM5_IRQHandler   tim5.o
    0x080016a8   0x080016a8   0x0000013c   Code   RO         5060    i.TIM5_Init         tim5.o
    0x080017e4   0x080017e4   0x00000124   Code   RO         5140    i.TIM8_Init         tim8.o
    0x08001908   0x08001908   0x00000038   Code   RO         5141    i.TIM8_UP_TIM13_IRQHandler  tim8.o
    0x08001940   0x08001940   0x00000018   Code   RO         4098    i.TIM_ARRPreloadConfig  stm32f4xx_tim.o
    0x08001958   0x08001958   0x0000001e   Code   RO         4102    i.TIM_CCxCmd        stm32f4xx_tim.o
    0x08001976   0x08001976   0x00000006   Code   RO         4104    i.TIM_ClearFlag     stm32f4xx_tim.o
    0x0800197c   0x0800197c   0x00000018   Code   RO         4110    i.TIM_Cmd           stm32f4xx_tim.o
    0x08001994   0x08001994   0x0000001e   Code   RO         4112    i.TIM_CtrlPWMOutputs  stm32f4xx_tim.o
    0x080019b2   0x080019b2   0x00000006   Code   RO         4126    i.TIM_GetCapture2   stm32f4xx_tim.o
    0x080019b8   0x080019b8   0x00000006   Code   RO         4128    i.TIM_GetCapture4   stm32f4xx_tim.o
    0x080019be   0x080019be   0x00000012   Code   RO         4130    i.TIM_GetFlagStatus  stm32f4xx_tim.o
    0x080019d0   0x080019d0   0x0000006e   Code   RO         4133    i.TIM_ICInit        stm32f4xx_tim.o
    0x08001a3e   0x08001a3e   0x00000012   Code   RO         4135    i.TIM_ITConfig      stm32f4xx_tim.o
    0x08001a50   0x08001a50   0x0000000c   Code   RO         4137    i.TIM_InternalClockConfig  stm32f4xx_tim.o
    0x08001a5c   0x08001a5c   0x0000007c   Code   RO         4139    i.TIM_OC1Init       stm32f4xx_tim.o
    0x08001ad8   0x08001ad8   0x00000012   Code   RO         4142    i.TIM_OC1PreloadConfig  stm32f4xx_tim.o
    0x08001aea   0x08001aea   0x00000002   PAD
    0x08001aec   0x08001aec   0x000000a4   Code   RO         4144    i.TIM_OC2Init       stm32f4xx_tim.o
    0x08001b90   0x08001b90   0x0000001a   Code   RO         4147    i.TIM_OC2PreloadConfig  stm32f4xx_tim.o
    0x08001baa   0x08001baa   0x00000002   PAD
    0x08001bac   0x08001bac   0x000000a0   Code   RO         4149    i.TIM_OC3Init       stm32f4xx_tim.o
    0x08001c4c   0x08001c4c   0x00000012   Code   RO         4152    i.TIM_OC3PreloadConfig  stm32f4xx_tim.o
    0x08001c5e   0x08001c5e   0x00000002   PAD
    0x08001c60   0x08001c60   0x00000078   Code   RO         4154    i.TIM_OC4Init       stm32f4xx_tim.o
    0x08001cd8   0x08001cd8   0x0000001a   Code   RO         4156    i.TIM_OC4PreloadConfig  stm32f4xx_tim.o
    0x08001cf2   0x08001cf2   0x0000007c   Code   RO         4158    i.TIM_PWMIConfig    stm32f4xx_tim.o
    0x08001d6e   0x08001d6e   0x00000012   Code   RO         4164    i.TIM_SelectInputTrigger  stm32f4xx_tim.o
    0x08001d80   0x08001d80   0x00000012   Code   RO         4169    i.TIM_SelectSlaveMode  stm32f4xx_tim.o
    0x08001d92   0x08001d92   0x00000004   Code   RO         4172    i.TIM_SetCompare1   stm32f4xx_tim.o
    0x08001d96   0x08001d96   0x00000004   Code   RO         4173    i.TIM_SetCompare2   stm32f4xx_tim.o
    0x08001d9a   0x08001d9a   0x00000004   Code   RO         4174    i.TIM_SetCompare3   stm32f4xx_tim.o
    0x08001d9e   0x08001d9e   0x00000004   Code   RO         4175    i.TIM_SetCompare4   stm32f4xx_tim.o
    0x08001da2   0x08001da2   0x00000004   Code   RO         4176    i.TIM_SetCounter    stm32f4xx_tim.o
    0x08001da6   0x08001da6   0x00000012   Code   RO         4177    i.TIM_SetIC1Prescaler  stm32f4xx_tim.o
    0x08001db8   0x08001db8   0x0000001a   Code   RO         4178    i.TIM_SetIC2Prescaler  stm32f4xx_tim.o
    0x08001dd2   0x08001dd2   0x00000012   Code   RO         4179    i.TIM_SetIC3Prescaler  stm32f4xx_tim.o
    0x08001de4   0x08001de4   0x0000001a   Code   RO         4180    i.TIM_SetIC4Prescaler  stm32f4xx_tim.o
    0x08001dfe   0x08001dfe   0x00000002   PAD
    0x08001e00   0x08001e00   0x00000084   Code   RO         4182    i.TIM_TimeBaseInit  stm32f4xx_tim.o
    0x08001e84   0x08001e84   0x000000c4   Code   RO         4967    i.USART1_Config     usart1.o
    0x08001f48   0x08001f48   0x00000044   Code   RO         4968    i.USART1_IRQHandler  usart1.o
    0x08001f8c   0x08001f8c   0x00000012   Code   RO         4656    i.USART_ClearFlag   stm32f4xx_usart.o
    0x08001f9e   0x08001f9e   0x0000001e   Code   RO         4657    i.USART_ClearITPendingBit  stm32f4xx_usart.o
    0x08001fbc   0x08001fbc   0x00000018   Code   RO         4660    i.USART_Cmd         stm32f4xx_usart.o
    0x08001fd4   0x08001fd4   0x0000001a   Code   RO         4663    i.USART_GetFlagStatus  stm32f4xx_usart.o
    0x08001fee   0x08001fee   0x0000004a   Code   RO         4666    i.USART_ITConfig    stm32f4xx_usart.o
    0x08002038   0x08002038   0x000000d4   Code   RO         4667    i.USART_Init        stm32f4xx_usart.o
    0x0800210c   0x0800210c   0x0000000a   Code   RO         4674    i.USART_ReceiveData  stm32f4xx_usart.o
    0x08002116   0x08002116   0x00000008   Code   RO         4677    i.USART_SendData    stm32f4xx_usart.o
    0x0800211e   0x0800211e   0x00000004   Code   RO         5730    i.UsageFault_Handler  stm32f4xx_it.o
    0x08002122   0x08002122   0x00000002   PAD
    0x08002124   0x08002124   0x00000020   Code   RO         6029    i.__0printf         mc_w.l(printfa.o)
    0x08002144   0x08002144   0x0000000e   Code   RO         6099    i.__scatterload_copy  mc_w.l(handlers.o)
    0x08002152   0x08002152   0x00000002   Code   RO         6100    i.__scatterload_null  mc_w.l(handlers.o)
    0x08002154   0x08002154   0x0000000e   Code   RO         6101    i.__scatterload_zeroinit  mc_w.l(handlers.o)
    0x08002162   0x08002162   0x00000002   PAD
    0x08002164   0x08002164   0x00000184   Code   RO         6036    i._fp_digits        mc_w.l(printfa.o)
    0x080022e8   0x080022e8   0x000006dc   Code   RO         6037    i._printf_core      mc_w.l(printfa.o)
    0x080029c4   0x080029c4   0x00000024   Code   RO         6038    i._printf_post_padding  mc_w.l(printfa.o)
    0x080029e8   0x080029e8   0x0000002e   Code   RO         6039    i._printf_pre_padding  mc_w.l(printfa.o)
    0x08002a16   0x08002a16   0x00000002   PAD
    0x08002a18   0x08002a18   0x00000024   Code   RO         4972    i.fputc             usart1.o
    0x08002a3c   0x08002a3c   0x00000128   Code   RO         5672    i.main              main.o
    0x08002b64   0x08002b64   0x00000034   Code   RO         5673    i.test              main.o
    0x08002b98   0x08002b98   0x00000002   Code   RO         5674    i.test2             main.o
    0x08002b9a   0x08002b9a   0x00000002   PAD
    0x08002b9c   0x08002b9c   0x00000020   Data   RO         6097    Region$$Table       anon$$obj.o


    Execution Region ER_RW (Exec base: 0x20000000, Load base: 0x08002bbc, Size: 0x0000001c, Max: 0xffffffff, ABSOLUTE)

    Exec Addr    Load Addr    Size         Type   Attr      Idx    E Section Name        Object

    0x20000000   0x08002bbc   0x00000010   Data   RW         2816    .data               stm32f4xx_rcc.o
    0x20000010   0x08002bcc   0x00000002   Data   RW         4973    .data               usart1.o
    0x20000012   0x08002bce   0x00000002   PAD
    0x20000014   0x08002bd0   0x00000004   Data   RW         5142    .data               tim8.o
    0x20000018   0x08002bd4   0x00000004   Data   RW         6071    .data               mc_w.l(stdout.o)


    Execution Region ER_ZI (Exec base: 0x2000001c, Load base: 0x08002bd8, Size: 0x00000404, Max: 0xffffffff, ABSOLUTE)

    Exec Addr    Load Addr    Size         Type   Attr      Idx    E Section Name        Object

    0x2000001c   0x08002bd8   0x00000004   PAD
    0x20000020        -       0x00000400   Zero   RW            1    STACK               startup_stm32f40_41xxx.o


==============================================================================

Image component sizes


      Code (inc. data)   RO Data    RW Data    ZI Data      Debug   Object Name

       104         12          0          0          0       1014   led.o
       350         16          0          0          0       3610   main.o
       140         24          0          0          0     230707   misc.o
       394         16          0          0          0       5048   motor.o
       152         26          0          0          0       3678   pushrod.o
       236         36          0          0          0       3725   servo.o
        36          8        392          0       1024        872   startup_stm32f40_41xxx.o
       240          0          0          0          0       3580   stm32f4xx_gpio.o
        26          0          0          0          0       4242   stm32f4xx_it.o
       328         36          0         16          0       4667   stm32f4xx_rcc.o
      1630         66          0          0          0      23381   stm32f4xx_tim.o
       402          8          0          0          0       5993   stm32f4xx_usart.o
       326         78          0          0          0       6902   swic.o
       340         32          0          0          0      54033   system_stm32f4xx.o
       292         12          0          0          0        744   tim1.o
       380          8          0          0          0       1322   tim2.o
       356         16          0          0          0       1302   tim3.o
       356         14          0          0          0       1306   tim4.o
       352         14          0          0          0       1306   tim5.o
       348         18          0          4          0       1319   tim8.o
       300         24          0          2          0       3287   usart1.o

    ----------------------------------------------------------------------
      7116        464        424         24       1024     362038   Object Totals
         0          0         32          0          0          0   (incl. Generated)
        28          0          0          2          0          0   (incl. Padding)

    ----------------------------------------------------------------------

      Code (inc. data)   RO Data    RW Data    ZI Data      Debug   Library Member Name

         0          0          0          0          0          0   entry.o
         0          0          0          0          0          0   entry10a.o
         0          0          0          0          0          0   entry11a.o
         8          4          0          0          0          0   entry2.o
         4          0          0          0          0          0   entry5.o
         0          0          0          0          0          0   entry7b.o
         0          0          0          0          0          0   entry8b.o
         8          4          0          0          0          0   entry9a.o
        30          0          0          0          0          0   handlers.o
        36          8          0          0          0         68   init.o
         0          0          0          0          0          0   iusefp.o
        30          0          0          0          0         68   llshl.o
        36          0          0          0          0         68   llsshr.o
        32          0          0          0          0         68   llushr.o
      2258         90          0          0          0        452   printfa.o
         0          0          0          4          0          0   stdout.o
        44          0          0          0          0         80   uidiv.o
        98          0          0          0          0         92   uldiv.o
        48          0          0          0          0         68   cdrcmple.o
       334          0          0          0          0        148   dadd.o
       222          0          0          0          0        100   ddiv.o
       186          0          0          0          0        176   depilogue.o
        48          0          0          0          0         68   dfixul.o
       228          0          0          0          0         96   dmul.o

    ----------------------------------------------------------------------
      3656        106          0          4          4       1552   Library Totals
         6          0          0          0          4          0   (incl. Padding)

    ----------------------------------------------------------------------

      Code (inc. data)   RO Data    RW Data    ZI Data      Debug   Library Name

      2584        106          0          4          0        896   mc_w.l
      1066          0          0          0          0        656   mf_w.l

    ----------------------------------------------------------------------
      3656        106          0          4          4       1552   Library Totals

    ----------------------------------------------------------------------

==============================================================================


      Code (inc. data)   RO Data    RW Data    ZI Data      Debug   

     10772        570        424         28       1028     351414   Grand Totals
     10772        570        424         28       1028     351414   ELF Image Totals
     10772        570        424         28          0          0   ROM Totals

==============================================================================

    Total RO  Size (Code + RO Data)                11196 (  10.93kB)
    Total RW  Size (RW Data + ZI Data)              1056 (   1.03kB)
    Total ROM Size (Code + RO Data + RW Data)      11224 (  10.96kB)

==============================================================================

